interactions:
- request:
    body: null
    headers:
      Accept: ['*/*']
      Accept-Encoding: ['gzip, deflate']
      Connection: [keep-alive]
      User-Agent: [python-requests/2.11.1]
    method: GET
    uri: https://www.mercadobitcoin.net/api/trades
  response:
    body: {string: ''}
    headers:
      Connection: [keep-alive]
      Content-Type: [text/html; charset=utf-8]
      Date: ['Sun, 13 Nov 2016 17:14:11 GMT']
      Location: ['http://www.mercadobitcoin.net/api/trades/']
      Server: [Apache]
      Set-Cookie: ['visid_incap_619276=tecVq8PYSj68n98zK/uZlmOfKFgAAAAAQUIPAAAAAADbRUIFzHhJoFhWuWb/jDg4;
          expires=Mon, 13 Nov 2017 13:43:41 GMT; path=/; Domain=.mercadobitcoin.net',
        nlbi_619276=unWYGZlEQRRvA3qK+vqauAAAAACWvAmQj5aisFio3P51qSAS; path=/; Domain=.mercadobitcoin.net,
        incap_ses_468_619276=m7YrYJXGGUl37tnOs6t+BmOfKFgAAAAAJmf00l3QGttdDwfcmr1nhw==;
          path=/; Domain=.mercadobitcoin.net, ___utmvmKEulzpm=dFsKufgbKnc; path=/;
          Max-Age=900, "___utmvaKEulzpm=lqi\x01NXFZ; path=/; Max-Age=900", "___utmvbKEulzpm=jZs\r\
          \n    XxxOtalb: HtN; path=/; Max-Age=900"]
      Strict-Transport-Security: [max-age=31536000; includeSubDomains; preload]
      Vary: [Accept-Encoding]
      X-CDN: [Incapsula]
      X-Frame-Options: [SAMEORIGIN]
      X-Iinfo: [9-38569453-38569184 PNNN RT(1479057250373 963) q(0 0 0 -1) r(1 1)
          U11]
      content-length: ['0']
    status: {code: 301, message: MOVED PERMANENTLY}
- request:
    body: null
    headers:
      Accept: ['*/*']
      Accept-Encoding: ['gzip, deflate']
      Connection: [keep-alive]
      Cookie: ["visid_incap_619276=tecVq8PYSj68n98zK/uZlmOfKFgAAAAAQUIPAAAAAADbRUIFzHhJoFhWuWb/jDg4;\
          \ incap_ses_468_619276=m7YrYJXGGUl37tnOs6t+BmOfKFgAAAAAJmf00l3QGttdDwfcmr1nhw==;\
          \ nlbi_619276=unWYGZlEQRRvA3qK+vqauAAAAACWvAmQj5aisFio3P51qSAS; ___utmvaKEulzpm=lqi\x01\
          NXFZ; ___utmvmKEulzpm=dFsKufgbKnc; ___utmvbKEulzpm=jZs\r\n    XxxOtalb:\
          \ HtN"]
      User-Agent: [python-requests/2.11.1]
    method: GET
    uri: http://www.mercadobitcoin.net/api/trades/
  response:
    body: {string: ''}
    headers:
      Connection: [close]
      Content-Length: ['0']
      Location: ['https://www.mercadobitcoin.net/api/trades/']
    status: {code: 301, message: Moved Permanently}
- request:
    body: null
    headers:
      Accept: ['*/*']
      Accept-Encoding: ['gzip, deflate']
      Connection: [keep-alive]
      Cookie: ["visid_incap_619276=tecVq8PYSj68n98zK/uZlmOfKFgAAAAAQUIPAAAAAADbRUIFzHhJoFhWuWb/jDg4;\
          \ nlbi_619276=unWYGZlEQRRvA3qK+vqauAAAAACWvAmQj5aisFio3P51qSAS; incap_ses_468_619276=m7YrYJXGGUl37tnOs6t+BmOfKFgAAAAAJmf00l3QGttdDwfcmr1nhw==;\
          \ ___utmvaKEulzpm=lqi\x01NXFZ; ___utmvmKEulzpm=dFsKufgbKnc; ___utmvbKEulzpm=jZs\r\
          \n    XxxOtalb: HtN"]
      User-Agent: [python-requests/2.11.1]
    method: GET
    uri: https://www.mercadobitcoin.net/api/trades/
  response:
    body: {string: '[{"date":1479056923,"price":2467.00000000,"amount":0.25000000,"tid":341914,
        "type":"buy"},{"date":1479056830,"price":2455.10010000,"amount":0.07911000,"tid":341913,
        "type":"sell"},{"date":1479056830,"price":2456.00000000,"amount":0.15606000,"tid":341912,
        "type":"sell"},{"date":1479056774,"price":2456.00000000,"amount":0.04142000,"tid":341911,
        "type":"sell"},{"date":1479056419,"price":2467.00000000,"amount":0.50000000,"tid":341910,
        "type":"buy"},{"date":1479056269,"price":2452.97239000,"amount":0.00977000,"tid":341909,
        "type":"sell"},{"date":1479055989,"price":2467.00000000,"amount":0.50000000,"tid":341908,
        "type":"buy"},{"date":1479055386,"price":2460.00000000,"amount":0.02961000,"tid":341907,
        "type":"sell"},{"date":1479055310,"price":2467.00000000,"amount":0.50000000,"tid":341906,
        "type":"buy"},{"date":1479055292,"price":2460.00000000,"amount":0.03601000,"tid":341905,
        "type":"sell"},{"date":1479055279,"price":2460.00000000,"amount":0.04452000,"tid":341904,
        "type":"sell"},{"date":1479054887,"price":2466.99998000,"amount":0.50000000,"tid":341903,
        "type":"buy"},{"date":1479054733,"price":2452.44590000,"amount":0.39565000,"tid":341902,
        "type":"sell"},{"date":1479054638,"price":2466.99999000,"amount":0.05404540,"tid":341901,
        "type":"buy"},{"date":1479054543,"price":2466.99999000,"amount":0.01868666,"tid":341900,
        "type":"buy"},{"date":1479054435,"price":2467.00000000,"amount":0.05472578,"tid":341899,
        "type":"buy"},{"date":1479054435,"price":2466.99990000,"amount":0.44527422,"tid":341898,
        "type":"buy"},{"date":1479054393,"price":2466.99990000,"amount":0.02026753,"tid":341897,
        "type":"buy"},{"date":1479053906,"price":2461.32384000,"amount":0.50000000,"tid":341896,
        "type":"sell"},{"date":1479052681,"price":2459.33979000,"amount":0.01445000,"tid":341895,
        "type":"sell"},{"date":1479052467,"price":2460.03125000,"amount":0.01434000,"tid":341894,
        "type":"sell"},{"date":1479052173,"price":2442.90000000,"amount":0.17037545,"tid":341893,
        "type":"buy"},{"date":1479051779,"price":2442.90000000,"amount":0.04093495,"tid":341892,
        "type":"buy"},{"date":1479051763,"price":2443.00000000,"amount":2.60970000,"tid":341891,
        "type":"buy"},{"date":1479051759,"price":2443.00000000,"amount":0.21280000,"tid":341890,
        "type":"buy"},{"date":1479051759,"price":2443.00000000,"amount":0.23394057,"tid":341889,
        "type":"buy"},{"date":1479051751,"price":2443.50143000,"amount":0.23394058,"tid":341888,
        "type":"sell"},{"date":1479051751,"price":2443.50148000,"amount":0.31397038,"tid":341887,
        "type":"sell"},{"date":1479051751,"price":2454.08162000,"amount":0.50000000,"tid":341886,
        "type":"sell"},{"date":1479051635,"price":2466.95373000,"amount":0.03800043,"tid":341885,
        "type":"sell"},{"date":1479051625,"price":2466.95373000,"amount":0.05066723,"tid":341884,
        "type":"buy"},{"date":1479051609,"price":2466.97207000,"amount":0.06755631,"tid":341883,
        "type":"sell"},{"date":1479051073,"price":2469.87964000,"amount":0.05921402,"tid":341882,
        "type":"buy"},{"date":1479051073,"price":2469.81184000,"amount":0.09007508,"tid":341881,
        "type":"buy"},{"date":1479051012,"price":2469.99232000,"amount":0.13455539,"tid":341880,
        "type":"buy"},{"date":1479051012,"price":2469.99230000,"amount":0.23293393,"tid":341879,
        "type":"buy"},{"date":1479051012,"price":2462.60950000,"amount":0.02220000,"tid":341878,
        "type":"buy"},{"date":1479051012,"price":2444.90000000,"amount":0.19648422,"tid":341877,
        "type":"buy"},{"date":1479050877,"price":2441.38537000,"amount":0.04000000,"tid":341876,
        "type":"sell"},{"date":1479050721,"price":2444.90000000,"amount":0.01022537,"tid":341875,
        "type":"buy"},{"date":1479050685,"price":2445.00000000,"amount":0.00903000,"tid":341874,
        "type":"sell"},{"date":1479050410,"price":2456.38537000,"amount":0.00090410,"tid":341873,
        "type":"buy"},{"date":1479050410,"price":2456.00000000,"amount":0.01945406,"tid":341872,
        "type":"buy"},{"date":1479049329,"price":2441.38537000,"amount":0.09163000,"tid":341871,
        "type":"sell"},{"date":1479049309,"price":2456.00000000,"amount":0.03375000,"tid":341870,
        "type":"buy"},{"date":1479049137,"price":2441.38537000,"amount":0.02092000,"tid":341869,
        "type":"sell"},{"date":1479049137,"price":2441.99998000,"amount":0.35175000,"tid":341868,
        "type":"sell"},{"date":1479049137,"price":2442.00000000,"amount":0.10257000,"tid":341867,
        "type":"sell"},{"date":1479049137,"price":2442.00001000,"amount":0.52476000,"tid":341866,
        "type":"sell"},{"date":1479049137,"price":2448.99000000,"amount":2.00000000,"tid":341865,
        "type":"sell"},{"date":1479048447,"price":2456.00000000,"amount":0.20845921,"tid":341864,
        "type":"buy"},{"date":1479048048,"price":2456.00000000,"amount":0.03126221,"tid":341863,
        "type":"buy"},{"date":1479048002,"price":2456.00000000,"amount":0.00655537,"tid":341862,
        "type":"buy"},{"date":1479047873,"price":2456.00000000,"amount":0.01017915,"tid":341861,
        "type":"buy"},{"date":1479047631,"price":2456.00000000,"amount":0.01884000,"tid":341860,
        "type":"buy"},{"date":1479047483,"price":2456.38537000,"amount":0.00447812,"tid":341859,
        "type":"buy"},{"date":1479047031,"price":2441.99998000,"amount":0.34825000,"tid":341858,
        "type":"sell"},{"date":1479047031,"price":2441.99999000,"amount":0.70000000,"tid":341857,
        "type":"sell"},{"date":1479047031,"price":2444.40002000,"amount":0.21273000,"tid":341856,
        "type":"sell"},{"date":1479047031,"price":2445.00000000,"amount":1.17549000,"tid":341855,
        "type":"sell"},{"date":1479047031,"price":2445.00001000,"amount":1.05793000,"tid":341854,
        "type":"sell"},{"date":1479047031,"price":2445.00005000,"amount":0.75280000,"tid":341853,
        "type":"sell"},{"date":1479047031,"price":2445.00006000,"amount":0.75280000,"tid":341852,
        "type":"sell"},{"date":1479046419,"price":2445.00006000,"amount":0.01182000,"tid":341851,
        "type":"sell"},{"date":1479045629,"price":2456.48537000,"amount":0.02035428,"tid":341850,
        "type":"buy"},{"date":1479045571,"price":2445.00006000,"amount":0.03996000,"tid":341849,
        "type":"sell"},{"date":1479045065,"price":2445.00007000,"amount":0.16864907,"tid":341848,
        "type":"sell"},{"date":1479045065,"price":2445.00010000,"amount":0.23363483,"tid":341847,
        "type":"sell"},{"date":1479045065,"price":2445.00011000,"amount":0.14266610,"tid":341846,
        "type":"sell"},{"date":1479044793,"price":2470.49027000,"amount":0.02065000,"tid":341845,
        "type":"sell"},{"date":1479044111,"price":2469.71234000,"amount":0.03849000,"tid":341844,
        "type":"buy"},{"date":1479043634,"price":2468.43906000,"amount":1.03114596,"tid":341843,
        "type":"sell"},{"date":1479043634,"price":2471.77322000,"amount":0.56871364,"tid":341842,
        "type":"sell"},{"date":1479043422,"price":2471.77322000,"amount":0.25000000,"tid":341841,
        "type":"sell"},{"date":1479043409,"price":2471.77322000,"amount":0.23030000,"tid":341840,
        "type":"sell"},{"date":1479043202,"price":2471.77325000,"amount":0.01969032,"tid":341839,
        "type":"buy"},{"date":1479043104,"price":2471.77322000,"amount":0.21866636,"tid":341838,
        "type":"buy"},{"date":1479042767,"price":2468.43906000,"amount":0.07527000,"tid":341837,
        "type":"sell"},{"date":1479042579,"price":2468.43906000,"amount":0.05415000,"tid":341836,
        "type":"sell"},{"date":1479042536,"price":2468.43906000,"amount":0.13981344,"tid":341835,
        "type":"sell"},{"date":1479042530,"price":2468.43906000,"amount":0.08228060,"tid":341834,
        "type":"sell"},{"date":1479042229,"price":2445.00006000,"amount":0.34345083,"tid":341833,
        "type":"sell"},{"date":1479042229,"price":2445.00007000,"amount":0.44825421,"tid":341832,
        "type":"sell"},{"date":1479042229,"price":2445.15447000,"amount":0.19878496,"tid":341831,
        "type":"sell"},{"date":1479042229,"price":2450.00000000,"amount":0.00951000,"tid":341830,
        "type":"sell"},{"date":1479040670,"price":2470.07621000,"amount":0.17737914,"tid":341829,
        "type":"buy"},{"date":1479040286,"price":2445.45446000,"amount":0.19570000,"tid":341828,
        "type":"sell"},{"date":1479039461,"price":2448.60205000,"amount":0.05680859,"tid":341827,
        "type":"sell"},{"date":1479039461,"price":2448.98595000,"amount":0.72307141,"tid":341826,
        "type":"sell"},{"date":1479039153,"price":2447.68167000,"amount":0.03742000,"tid":341825,
        "type":"sell"},{"date":1479038287,"price":2477.37547000,"amount":0.03048387,"tid":341824,
        "type":"buy"},{"date":1479038140,"price":2477.69059000,"amount":0.01407655,"tid":341823,
        "type":"buy"},{"date":1479038140,"price":2461.40593000,"amount":0.00079331,"tid":341822,
        "type":"buy"},{"date":1479037378,"price":2445.00001000,"amount":0.02777000,"tid":341821,
        "type":"sell"},{"date":1479036621,"price":2461.40593000,"amount":0.01873112,"tid":341820,
        "type":"buy"},{"date":1479036202,"price":2461.40593000,"amount":0.20313594,"tid":341819,
        "type":"buy"},{"date":1479034553,"price":2441.99999000,"amount":0.06931000,"tid":341818,
        "type":"sell"},{"date":1479034550,"price":2441.99999000,"amount":0.16178000,"tid":341817,
        "type":"sell"},{"date":1479033282,"price":2441.99999000,"amount":0.06110000,"tid":341816,
        "type":"sell"},{"date":1479031047,"price":2466.63917000,"amount":0.02700219,"tid":341815,
        "type":"buy"},{"date":1479031047,"price":2466.59852000,"amount":0.08903976,"tid":341814,
        "type":"buy"},{"date":1479030841,"price":2442.27141000,"amount":0.31810010,"tid":341813,
        "type":"sell"},{"date":1479030841,"price":2442.27637000,"amount":0.26695990,"tid":341812,
        "type":"sell"},{"date":1479030750,"price":2436.99000000,"amount":0.20867518,"tid":341811,
        "type":"sell"},{"date":1479030750,"price":2438.00000000,"amount":0.01611000,"tid":341810,
        "type":"sell"},{"date":1479030750,"price":2438.00000000,"amount":0.97968000,"tid":341809,
        "type":"sell"},{"date":1479030750,"price":2440.00000000,"amount":0.01000000,"tid":341808,
        "type":"sell"},{"date":1479030750,"price":2440.00000000,"amount":0.42837000,"tid":341807,
        "type":"sell"},{"date":1479030750,"price":2442.01510000,"amount":0.50000000,"tid":341806,
        "type":"sell"},{"date":1479030750,"price":2442.01513000,"amount":0.50000000,"tid":341805,
        "type":"sell"},{"date":1479030750,"price":2442.11524000,"amount":1.03586530,"tid":341804,
        "type":"sell"},{"date":1479030750,"price":2442.21524000,"amount":0.21292000,"tid":341803,
        "type":"sell"},{"date":1479030750,"price":2444.94391000,"amount":0.23344324,"tid":341802,
        "type":"sell"},{"date":1479030750,"price":2450.15000000,"amount":0.14945100,"tid":341801,
        "type":"sell"},{"date":1479030750,"price":2450.15001000,"amount":0.22548528,"tid":341800,
        "type":"sell"},{"date":1479028782,"price":2450.15001000,"amount":0.03896000,"tid":341799,
        "type":"sell"},{"date":1479023492,"price":2467.18307000,"amount":0.62345000,"tid":341798,
        "type":"buy"},{"date":1479022893,"price":2467.18307000,"amount":0.01003979,"tid":341797,
        "type":"buy"},{"date":1479020726,"price":2450.15000000,"amount":1.82720900,"tid":341796,
        "type":"sell"},{"date":1479020726,"price":2452.03100000,"amount":0.11348100,"tid":341795,
        "type":"sell"},{"date":1479020726,"price":2462.82000000,"amount":5.05931000,"tid":341794,
        "type":"sell"},{"date":1479018394,"price":2467.18308000,"amount":0.00405321,"tid":341793,
        "type":"buy"},{"date":1479016725,"price":2462.82000000,"amount":0.20970000,"tid":341792,
        "type":"sell"},{"date":1479016172,"price":2465.00000000,"amount":1.97759000,"tid":341791,
        "type":"sell"},{"date":1479015942,"price":2469.13320000,"amount":0.08100009,"tid":341790,
        "type":"buy"},{"date":1479015455,"price":2468.63149000,"amount":0.00906344,"tid":341789,
        "type":"buy"},{"date":1479011813,"price":2465.00000000,"amount":0.02241000,"tid":341788,
        "type":"sell"},{"date":1479011813,"price":2467.00000000,"amount":0.01000000,"tid":341787,
        "type":"sell"},{"date":1479010730,"price":2472.00000000,"amount":0.01011327,"tid":341786,
        "type":"buy"},{"date":1479008842,"price":2462.82000000,"amount":0.00989000,"tid":341785,
        "type":"sell"},{"date":1479006763,"price":2474.04212000,"amount":0.39498000,"tid":341784,
        "type":"buy"},{"date":1479005671,"price":2462.82000000,"amount":0.10969000,"tid":341783,
        "type":"sell"},{"date":1479005524,"price":2462.82000000,"amount":0.20345000,"tid":341782,
        "type":"sell"},{"date":1479005474,"price":2474.04212000,"amount":0.00906344,"tid":341781,
        "type":"buy"},{"date":1479005327,"price":2474.04212000,"amount":0.01863347,"tid":341780,
        "type":"buy"},{"date":1479004746,"price":2462.82000000,"amount":0.27897000,"tid":341779,
        "type":"sell"},{"date":1479004337,"price":2476.05865000,"amount":0.00449689,"tid":341778,
        "type":"buy"},{"date":1479004337,"price":2476.05000000,"amount":0.03589000,"tid":341777,
        "type":"buy"},{"date":1479003103,"price":2462.82000000,"amount":0.12899000,"tid":341776,
        "type":"sell"},{"date":1479003103,"price":2467.60500000,"amount":0.00900000,"tid":341775,
        "type":"sell"},{"date":1479003103,"price":2467.60500000,"amount":0.00736000,"tid":341774,
        "type":"sell"},{"date":1479003070,"price":2467.60500000,"amount":0.00164000,"tid":341773,
        "type":"sell"},{"date":1479003070,"price":2467.60500000,"amount":0.00900000,"tid":341772,
        "type":"sell"},{"date":1479003070,"price":2467.60500000,"amount":0.00900000,"tid":341771,
        "type":"sell"},{"date":1479003070,"price":2468.08400000,"amount":0.21069000,"tid":341770,
        "type":"sell"},{"date":1479003070,"price":2470.00000000,"amount":0.19224000,"tid":341769,
        "type":"sell"},{"date":1479002736,"price":2476.05865000,"amount":0.01472674,"tid":341768,
        "type":"buy"},{"date":1479002736,"price":2476.04865000,"amount":0.06604706,"tid":341767,
        "type":"buy"},{"date":1479002663,"price":2470.00000000,"amount":0.01274000,"tid":341766,
        "type":"sell"},{"date":1479002531,"price":2476.16000000,"amount":0.01704000,"tid":341765,
        "type":"sell"},{"date":1479002531,"price":2478.00000000,"amount":0.04035512,"tid":341764,
        "type":"sell"},{"date":1479002531,"price":2478.52000000,"amount":0.10609000,"tid":341763,
        "type":"sell"},{"date":1479002521,"price":2479.00000000,"amount":0.04033884,"tid":341762,
        "type":"sell"},{"date":1479002388,"price":2480.00000000,"amount":0.01035000,"tid":341761,
        "type":"sell"},{"date":1479002388,"price":2480.00000000,"amount":0.19643000,"tid":341760,
        "type":"sell"},{"date":1479002388,"price":2480.00000000,"amount":0.04032258,"tid":341759,
        "type":"sell"},{"date":1479002388,"price":2480.00000000,"amount":16.85439150,"tid":341758,
        "type":"sell"},{"date":1479002299,"price":2484.97998000,"amount":0.01855146,"tid":341757,
        "type":"buy"},{"date":1479002010,"price":2484.97998000,"amount":0.00893770,"tid":341756,
        "type":"buy"},{"date":1479001818,"price":2480.00000000,"amount":0.24982876,"tid":341755,
        "type":"sell"},{"date":1479001492,"price":2480.00000000,"amount":0.17891000,"tid":341754,
        "type":"sell"},{"date":1479001492,"price":2480.12345000,"amount":0.07109000,"tid":341753,
        "type":"sell"},{"date":1479001479,"price":2480.12345000,"amount":0.25000000,"tid":341752,
        "type":"sell"},{"date":1479001466,"price":2480.12345000,"amount":0.25000000,"tid":341751,
        "type":"sell"},{"date":1479000506,"price":2480.12345000,"amount":0.21052000,"tid":341750,
        "type":"sell"},{"date":1479000002,"price":2480.00000000,"amount":2.29980000,"tid":341749,
        "type":"sell"},{"date":1478999840,"price":2483.97999000,"amount":0.01674329,"tid":341748,
        "type":"buy"},{"date":1478999803,"price":2480.00000000,"amount":0.19968974,"tid":341747,
        "type":"sell"},{"date":1478999803,"price":2480.00001000,"amount":0.05000000,"tid":341746,
        "type":"sell"},{"date":1478999803,"price":2480.00001000,"amount":0.12052000,"tid":341745,
        "type":"sell"},{"date":1478999803,"price":2480.50000000,"amount":0.00900000,"tid":341744,
        "type":"sell"},{"date":1478999803,"price":2481.00000000,"amount":0.04030632,"tid":341743,
        "type":"sell"},{"date":1478999803,"price":2481.00000000,"amount":0.00900000,"tid":341742,
        "type":"sell"},{"date":1478999802,"price":2481.50000000,"amount":0.00900000,"tid":341741,
        "type":"sell"},{"date":1478999802,"price":2482.00000000,"amount":0.04029008,"tid":341740,
        "type":"sell"},{"date":1478999802,"price":2482.21203000,"amount":0.20949000,"tid":341739,
        "type":"sell"},{"date":1478999802,"price":2482.52001000,"amount":0.01060000,"tid":341738,
        "type":"sell"},{"date":1478999802,"price":2482.52005000,"amount":0.03003000,"tid":341737,
        "type":"sell"},{"date":1478999802,"price":2482.52008000,"amount":0.02207386,"tid":341736,
        "type":"sell"},{"date":1478999781,"price":2483.98999000,"amount":0.04025764,"tid":341735,
        "type":"buy"},{"date":1478999729,"price":2482.52008000,"amount":0.06241614,"tid":341734,
        "type":"sell"},{"date":1478999729,"price":2482.52009000,"amount":0.01326000,"tid":341733,
        "type":"sell"},{"date":1478999729,"price":2482.52010000,"amount":0.05009000,"tid":341732,
        "type":"sell"},{"date":1478999729,"price":2482.52012000,"amount":0.01015000,"tid":341731,
        "type":"sell"},{"date":1478999729,"price":2483.00000000,"amount":0.01321386,"tid":341730,
        "type":"sell"},{"date":1478999621,"price":2483.00000000,"amount":0.02706000,"tid":341729,
        "type":"sell"},{"date":1478999621,"price":2483.00000000,"amount":0.05816000,"tid":341728,
        "type":"sell"},{"date":1478999621,"price":2483.60000000,"amount":0.01788000,"tid":341727,
        "type":"sell"},{"date":1478999594,"price":2484.00000000,"amount":0.02761764,"tid":341726,
        "type":"sell"},{"date":1478999583,"price":2484.00000000,"amount":0.01264000,"tid":341725,
        "type":"sell"},{"date":1478999583,"price":2484.11999000,"amount":0.23556000,"tid":341724,
        "type":"sell"},{"date":1478999162,"price":2485.00000000,"amount":1.02972581,"tid":341723,
        "type":"sell"},{"date":1478998908,"price":2485.00000000,"amount":0.12018000,"tid":341722,
        "type":"sell"},{"date":1478998906,"price":2487.00000000,"amount":0.22740651,"tid":341721,
        "type":"buy"},{"date":1478998660,"price":2490.00000000,"amount":0.11713253,"tid":341720,
        "type":"buy"},{"date":1478997817,"price":2491.89541000,"amount":0.02046635,"tid":341719,
        "type":"buy"},{"date":1478997098,"price":2495.62024000,"amount":0.00187665,"tid":341718,
        "type":"buy"},{"date":1478997098,"price":2495.44090000,"amount":0.01610000,"tid":341717,
        "type":"buy"},{"date":1478996992,"price":2485.00000000,"amount":0.44610000,"tid":341716,
        "type":"sell"},{"date":1478996365,"price":2494.94481000,"amount":0.07214588,"tid":341715,
        "type":"buy"},{"date":1478996205,"price":2494.94481000,"amount":0.03465969,"tid":341714,
        "type":"buy"},{"date":1478996205,"price":2486.00000000,"amount":0.02318423,"tid":341713,
        "type":"buy"},{"date":1478996090,"price":2486.00000000,"amount":0.31442880,"tid":341712,
        "type":"buy"},{"date":1478995490,"price":2486.00000000,"amount":0.02017297,"tid":341711,
        "type":"buy"},{"date":1478994907,"price":2486.00000000,"amount":0.03821400,"tid":341710,
        "type":"buy"},{"date":1478994736,"price":2485.00000000,"amount":7.17430000,"tid":341709,
        "type":"sell"},{"date":1478994132,"price":2485.00000000,"amount":0.10168000,"tid":341708,
        "type":"sell"},{"date":1478993996,"price":2485.00000000,"amount":0.00942000,"tid":341707,
        "type":"sell"},{"date":1478993950,"price":2495.23150000,"amount":0.00921758,"tid":341706,
        "type":"buy"},{"date":1478993756,"price":2485.00000000,"amount":0.04245000,"tid":341705,
        "type":"sell"},{"date":1478993320,"price":2497.60787000,"amount":0.03808044,"tid":341704,
        "type":"buy"},{"date":1478993301,"price":2497.61787000,"amount":0.12482191,"tid":341703,
        "type":"buy"},{"date":1478993301,"price":2497.61000000,"amount":0.13508000,"tid":341702,
        "type":"buy"},{"date":1478993301,"price":2493.39517000,"amount":0.05180000,"tid":341701,
        "type":"buy"},{"date":1478992578,"price":2492.97221000,"amount":0.03815125,"tid":341700,
        "type":"buy"},{"date":1478992518,"price":2492.97221000,"amount":0.16012085,"tid":341699,
        "type":"buy"},{"date":1478991763,"price":2497.58000000,"amount":0.02437560,"tid":341698,
        "type":"buy"},{"date":1478990625,"price":2485.00000000,"amount":0.06964000,"tid":341697,
        "type":"sell"},{"date":1478990625,"price":2486.00001000,"amount":0.05386000,"tid":341696,
        "type":"sell"},{"date":1478989950,"price":2500.00000000,"amount":0.26965708,"tid":341695,
        "type":"buy"},{"date":1478989950,"price":2499.00000000,"amount":0.05375000,"tid":341694,
        "type":"buy"},{"date":1478989950,"price":2497.84996000,"amount":0.24100000,"tid":341693,
        "type":"buy"},{"date":1478989950,"price":2497.80523000,"amount":0.25000000,"tid":341692,
        "type":"buy"},{"date":1478989950,"price":2496.14999000,"amount":0.61873112,"tid":341691,
        "type":"buy"},{"date":1478989950,"price":2496.14000000,"amount":2.49165000,"tid":341690,
        "type":"buy"},{"date":1478989923,"price":2496.14999000,"amount":0.08126888,"tid":341689,
        "type":"buy"},{"date":1478989847,"price":2496.14000000,"amount":0.15504532,"tid":341688,
        "type":"buy"},{"date":1478989761,"price":2496.15000000,"amount":0.03810000,"tid":341687,
        "type":"buy"},{"date":1478989592,"price":2496.16999000,"amount":0.01802762,"tid":341686,
        "type":"buy"},{"date":1478989412,"price":2496.18000000,"amount":0.04707994,"tid":341685,
        "type":"buy"},{"date":1478988744,"price":2497.34000000,"amount":0.05378122,"tid":341684,
        "type":"buy"},{"date":1478988668,"price":2497.35000000,"amount":0.04004645,"tid":341683,
        "type":"buy"},{"date":1478988425,"price":2497.52000000,"amount":0.02022406,"tid":341682,
        "type":"buy"},{"date":1478988351,"price":2497.53000000,"amount":0.01963540,"tid":341681,
        "type":"buy"},{"date":1478987928,"price":2486.00000000,"amount":0.05226000,"tid":341680,
        "type":"sell"},{"date":1478987867,"price":2497.57000000,"amount":0.02041985,"tid":341679,
        "type":"buy"},{"date":1478987284,"price":2485.00000000,"amount":0.00900000,"tid":341678,
        "type":"sell"},{"date":1478987236,"price":2485.00000000,"amount":0.03716000,"tid":341677,
        "type":"sell"},{"date":1478987207,"price":2497.73000000,"amount":0.01845676,"tid":341676,
        "type":"buy"},{"date":1478986854,"price":2497.79522000,"amount":0.07736423,"tid":341675,
        "type":"buy"},{"date":1478986824,"price":2497.80522000,"amount":0.05770393,"tid":341674,
        "type":"buy"},{"date":1478986804,"price":2497.80522000,"amount":0.00775721,"tid":341673,
        "type":"buy"},{"date":1478986804,"price":2496.33000000,"amount":0.08923259,"tid":341672,
        "type":"buy"},{"date":1478986785,"price":2485.00000000,"amount":0.01000000,"tid":341671,
        "type":"sell"},{"date":1478986674,"price":2496.33000000,"amount":0.01014741,"tid":341670,
        "type":"buy"},{"date":1478986673,"price":2494.00000000,"amount":0.01786000,"tid":341669,
        "type":"buy"},{"date":1478986673,"price":2493.99000000,"amount":0.04977000,"tid":341668,
        "type":"buy"},{"date":1478986530,"price":2485.00000000,"amount":0.05608000,"tid":341667,
        "type":"sell"},{"date":1478986123,"price":2485.00000000,"amount":0.06580000,"tid":341666,
        "type":"sell"},{"date":1478985874,"price":2488.85000000,"amount":0.01016000,"tid":341665,
        "type":"buy"},{"date":1478985611,"price":2488.86000000,"amount":0.78636404,"tid":341664,
        "type":"buy"},{"date":1478985347,"price":2485.00000000,"amount":0.01508600,"tid":341663,
        "type":"sell"},{"date":1478985347,"price":2486.00000000,"amount":0.04500000,"tid":341662,
        "type":"sell"},{"date":1478985347,"price":2486.00000000,"amount":0.00931400,"tid":341661,
        "type":"sell"},{"date":1478984722,"price":2486.00000000,"amount":0.06489000,"tid":341660,
        "type":"sell"},{"date":1478984543,"price":2486.00000000,"amount":0.01817000,"tid":341659,
        "type":"sell"},{"date":1478984139,"price":2488.97000000,"amount":0.02608699,"tid":341658,
        "type":"buy"},{"date":1478984139,"price":2488.96999000,"amount":0.36934566,"tid":341657,
        "type":"buy"},{"date":1478983522,"price":2486.00000000,"amount":0.01371000,"tid":341656,
        "type":"sell"},{"date":1478983469,"price":2486.00000000,"amount":0.07293000,"tid":341655,
        "type":"sell"},{"date":1478983074,"price":2486.00000000,"amount":0.42784600,"tid":341654,
        "type":"sell"},{"date":1478983074,"price":2487.00000000,"amount":0.01790400,"tid":341653,
        "type":"sell"},{"date":1478982796,"price":2486.00000000,"amount":0.02000000,"tid":341652,
        "type":"sell"},{"date":1478982346,"price":2486.00000000,"amount":0.01036000,"tid":341651,
        "type":"sell"},{"date":1478981731,"price":2486.00000000,"amount":0.17897000,"tid":341650,
        "type":"sell"},{"date":1478981499,"price":2489.02000000,"amount":0.04018047,"tid":341649,
        "type":"buy"},{"date":1478980967,"price":2486.00000000,"amount":0.08241000,"tid":341648,
        "type":"sell"},{"date":1478980014,"price":2486.00000000,"amount":0.09094000,"tid":341647,
        "type":"sell"},{"date":1478979985,"price":2489.13000000,"amount":0.01112839,"tid":341646,
        "type":"buy"},{"date":1478979615,"price":2489.14000000,"amount":0.11839000,"tid":341645,
        "type":"buy"},{"date":1478979538,"price":2486.00000000,"amount":0.03378000,"tid":341644,
        "type":"sell"},{"date":1478979077,"price":2489.18000000,"amount":0.04214641,"tid":341643,
        "type":"buy"},{"date":1478978535,"price":2485.00000000,"amount":0.01187000,"tid":341642,
        "type":"sell"},{"date":1478978133,"price":2485.00000000,"amount":0.42403000,"tid":341641,
        "type":"sell"},{"date":1478977368,"price":2485.00000000,"amount":0.13000000,"tid":341640,
        "type":"sell"},{"date":1478976642,"price":2485.00000000,"amount":0.07277000,"tid":341639,
        "type":"sell"},{"date":1478975396,"price":2485.00000000,"amount":2.00000000,"tid":341638,
        "type":"sell"},{"date":1478975011,"price":2485.00000000,"amount":0.03500000,"tid":341637,
        "type":"sell"},{"date":1478974955,"price":2485.00000000,"amount":0.01125000,"tid":341636,
        "type":"sell"},{"date":1478974693,"price":2485.00000000,"amount":0.03905000,"tid":341635,
        "type":"sell"},{"date":1478974688,"price":2485.00000000,"amount":0.80000000,"tid":341634,
        "type":"sell"},{"date":1478974369,"price":2485.00000000,"amount":0.31800000,"tid":341633,
        "type":"sell"},{"date":1478973313,"price":2485.00000000,"amount":0.00970000,"tid":341632,
        "type":"sell"},{"date":1478972604,"price":2489.65000000,"amount":0.00907758,"tid":341631,
        "type":"buy"},{"date":1478972550,"price":2485.00000000,"amount":0.00916000,"tid":341630,
        "type":"sell"},{"date":1478972341,"price":2489.67000000,"amount":0.31376849,"tid":341629,
        "type":"buy"},{"date":1478972264,"price":2489.67999000,"amount":0.00401658,"tid":341628,
        "type":"buy"},{"date":1478971330,"price":2485.00000000,"amount":0.04426000,"tid":341627,
        "type":"sell"},{"date":1478970793,"price":2485.00000000,"amount":2.26260000,"tid":341626,
        "type":"sell"},{"date":1478970621,"price":2485.00000000,"amount":0.49990000,"tid":341625,
        "type":"sell"},{"date":1478969785,"price":2485.00000000,"amount":0.00900000,"tid":341624,
        "type":"sell"},{"date":1478969738,"price":2489.87999000,"amount":0.04016258,"tid":341623,
        "type":"buy"},{"date":1478969570,"price":2485.00000000,"amount":0.17302000,"tid":341622,
        "type":"sell"},{"date":1478969245,"price":2485.00000000,"amount":0.01886000,"tid":341621,
        "type":"sell"},{"date":1478968736,"price":2485.00000000,"amount":0.10106000,"tid":341620,
        "type":"sell"},{"date":1478968341,"price":2489.90998000,"amount":0.06024314,"tid":341619,
        "type":"buy"},{"date":1478968334,"price":2489.90998000,"amount":0.19565000,"tid":341618,
        "type":"buy"},{"date":1478967925,"price":2489.90999000,"amount":0.02364342,"tid":341617,
        "type":"buy"},{"date":1478967838,"price":2489.91000000,"amount":0.03788490,"tid":341616,
        "type":"buy"},{"date":1478967806,"price":2485.00000000,"amount":0.01302000,"tid":341615,
        "type":"sell"},{"date":1478967755,"price":2489.91998000,"amount":0.01048226,"tid":341614,
        "type":"buy"},{"date":1478967590,"price":2485.00000000,"amount":0.07000000,"tid":341613,
        "type":"sell"},{"date":1478967069,"price":2485.00000000,"amount":0.99990000,"tid":341612,
        "type":"sell"},{"date":1478966537,"price":2489.94431000,"amount":0.19564695,"tid":341611,
        "type":"buy"},{"date":1478966453,"price":2489.94431000,"amount":0.05607354,"tid":341610,
        "type":"buy"},{"date":1478965983,"price":2489.94431000,"amount":0.11142000,"tid":341609,
        "type":"buy"},{"date":1478965863,"price":2489.94431000,"amount":0.23494501,"tid":341608,
        "type":"buy"},{"date":1478965779,"price":2485.00000000,"amount":0.02069000,"tid":341607,
        "type":"sell"},{"date":1478965734,"price":2485.00000000,"amount":0.08103000,"tid":341606,
        "type":"sell"},{"date":1478965168,"price":2489.94432000,"amount":0.02811308,"tid":341605,
        "type":"buy"},{"date":1478964847,"price":2487.00002000,"amount":0.16078000,"tid":341604,
        "type":"sell"},{"date":1478964429,"price":2490.03102000,"amount":0.03400000,"tid":341603,
        "type":"buy"},{"date":1478964141,"price":2493.68000000,"amount":0.35690225,"tid":341602,
        "type":"buy"},{"date":1478963838,"price":2493.70999000,"amount":0.02241640,"tid":341601,
        "type":"buy"},{"date":1478963708,"price":2488.01028000,"amount":0.14655486,"tid":341600,
        "type":"buy"},{"date":1478963514,"price":2488.01028000,"amount":0.09602000,"tid":341599,
        "type":"buy"},{"date":1478963334,"price":2485.00000000,"amount":2.62606819,"tid":341598,
        "type":"sell"},{"date":1478963334,"price":2487.93067000,"amount":0.25143181,"tid":341597,
        "type":"sell"},{"date":1478963315,"price":2487.93067000,"amount":0.14152819,"tid":341596,
        "type":"buy"},{"date":1478963312,"price":2487.93067000,"amount":0.02607790,"tid":341595,
        "type":"buy"},{"date":1478963311,"price":2485.00000000,"amount":3.69643000,"tid":341594,
        "type":"sell"},{"date":1478963311,"price":2487.00000000,"amount":0.68172000,"tid":341593,
        "type":"sell"},{"date":1478963311,"price":2487.00001000,"amount":1.95485000,"tid":341592,
        "type":"sell"},{"date":1478963309,"price":2487.00001000,"amount":0.04515000,"tid":341591,
        "type":"sell"},{"date":1478963203,"price":2487.93067000,"amount":0.08159391,"tid":341590,
        "type":"buy"},{"date":1478962865,"price":2489.74239000,"amount":0.02008240,"tid":341589,
        "type":"buy"},{"date":1478961928,"price":2489.74239000,"amount":0.08032960,"tid":341588,
        "type":"buy"},{"date":1478961778,"price":2489.74239000,"amount":0.03820000,"tid":341587,
        "type":"buy"},{"date":1478961734,"price":2487.00000000,"amount":0.18100000,"tid":341586,
        "type":"sell"},{"date":1478961511,"price":2487.00000000,"amount":0.71616000,"tid":341585,
        "type":"sell"},{"date":1478961413,"price":2489.74241000,"amount":0.11848615,"tid":341584,
        "type":"buy"},{"date":1478961398,"price":2489.86770000,"amount":0.04031941,"tid":341583,
        "type":"buy"},{"date":1478961190,"price":2494.36261000,"amount":0.04718640,"tid":341582,
        "type":"buy"},{"date":1478960770,"price":2487.00000000,"amount":0.05000000,"tid":341581,
        "type":"sell"},{"date":1478960129,"price":2496.27000000,"amount":0.04054830,"tid":341580,
        "type":"buy"},{"date":1478960129,"price":2495.00000000,"amount":0.01790000,"tid":341579,
        "type":"buy"},{"date":1478960116,"price":2487.00000000,"amount":0.01170000,"tid":341578,
        "type":"sell"},{"date":1478959696,"price":2487.00000000,"amount":0.04243000,"tid":341577,
        "type":"sell"},{"date":1478959219,"price":2496.33000000,"amount":0.07764198,"tid":341576,
        "type":"buy"},{"date":1478959168,"price":2496.33999000,"amount":0.01629995,"tid":341575,
        "type":"buy"},{"date":1478959168,"price":2490.00000000,"amount":0.00611236,"tid":341574,
        "type":"buy"},{"date":1478959034,"price":2487.00000000,"amount":0.18839000,"tid":341573,
        "type":"sell"},{"date":1478959034,"price":2487.00000000,"amount":0.15302000,"tid":341572,
        "type":"sell"},{"date":1478958932,"price":2487.00000000,"amount":0.03488000,"tid":341571,
        "type":"sell"},{"date":1478958932,"price":2489.00000000,"amount":0.02329000,"tid":341570,
        "type":"sell"},{"date":1478958185,"price":2490.00000000,"amount":0.04626908,"tid":341569,
        "type":"buy"},{"date":1478958097,"price":2490.00000000,"amount":0.03819679,"tid":341568,
        "type":"buy"},{"date":1478957513,"price":2490.00000000,"amount":0.05220884,"tid":341567,
        "type":"buy"},{"date":1478956145,"price":2490.00000000,"amount":0.03318072,"tid":341566,
        "type":"buy"},{"date":1478955965,"price":2490.00000000,"amount":0.19564257,"tid":341565,
        "type":"buy"},{"date":1478955428,"price":2490.00000000,"amount":0.05785498,"tid":341564,
        "type":"buy"},{"date":1478955276,"price":2490.00000000,"amount":0.03815261,"tid":341563,
        "type":"buy"},{"date":1478955223,"price":2490.00000000,"amount":0.11691968,"tid":341562,
        "type":"buy"},{"date":1478954361,"price":2490.00000000,"amount":0.06309237,"tid":341561,
        "type":"buy"},{"date":1478954221,"price":2498.58000000,"amount":0.00400227,"tid":341560,
        "type":"buy"},{"date":1478953670,"price":2489.99000000,"amount":0.03844594,"tid":341559,
        "type":"buy"},{"date":1478953541,"price":2498.62000000,"amount":0.23282134,"tid":341558,
        "type":"buy"},{"date":1478953541,"price":2490.00000000,"amount":1.73303933,"tid":341557,
        "type":"buy"},{"date":1478953428,"price":2489.97000000,"amount":0.39116937,"tid":341556,
        "type":"buy"},{"date":1478952495,"price":2489.99000000,"amount":0.09723734,"tid":341555,
        "type":"buy"},{"date":1478951662,"price":2489.92000000,"amount":0.10000000,"tid":341554,
        "type":"buy"},{"date":1478951084,"price":2489.93000000,"amount":0.10000000,"tid":341553,
        "type":"buy"},{"date":1478950989,"price":2489.94000000,"amount":0.03818566,"tid":341552,
        "type":"buy"},{"date":1478950550,"price":2489.95000000,"amount":0.30040000,"tid":341551,
        "type":"buy"},{"date":1478950259,"price":2487.00000000,"amount":0.08540000,"tid":341550,
        "type":"sell"},{"date":1478949092,"price":2489.98000000,"amount":0.02324000,"tid":341549,
        "type":"buy"},{"date":1478948947,"price":2489.99000000,"amount":0.51044382,"tid":341548,
        "type":"buy"},{"date":1478948780,"price":2489.98000000,"amount":0.01409869,"tid":341547,
        "type":"buy"},{"date":1478948770,"price":2489.98000000,"amount":0.05903662,"tid":341546,
        "type":"buy"},{"date":1478948470,"price":2487.00000000,"amount":0.01275000,"tid":341545,
        "type":"sell"},{"date":1478948362,"price":2487.00000000,"amount":1.00000000,"tid":341544,
        "type":"sell"},{"date":1478948322,"price":2489.99000000,"amount":0.03819292,"tid":341543,
        "type":"buy"},{"date":1478948182,"price":2490.00000000,"amount":0.07630522,"tid":341542,
        "type":"buy"},{"date":1478946315,"price":2490.00000000,"amount":0.14447390,"tid":341541,
        "type":"buy"},{"date":1478946175,"price":2487.00000000,"amount":0.06000000,"tid":341540,
        "type":"sell"},{"date":1478946157,"price":2487.00000000,"amount":1.00000000,"tid":341539,
        "type":"sell"},{"date":1478946137,"price":2487.00000000,"amount":0.03000000,"tid":341538,
        "type":"sell"},{"date":1478946110,"price":2487.00000000,"amount":0.05000000,"tid":341537,
        "type":"sell"},{"date":1478944849,"price":2487.00000000,"amount":3.22880000,"tid":341536,
        "type":"sell"},{"date":1478943409,"price":2490.00000000,"amount":0.01200000,"tid":341535,
        "type":"buy"},{"date":1478943367,"price":2487.00000000,"amount":0.01024000,"tid":341534,
        "type":"sell"},{"date":1478942003,"price":2490.00000000,"amount":0.10215663,"tid":341533,
        "type":"buy"},{"date":1478941797,"price":2490.00000000,"amount":0.01967871,"tid":341532,
        "type":"buy"},{"date":1478941732,"price":2487.06510000,"amount":0.02000000,"tid":341531,
        "type":"sell"},{"date":1478937712,"price":2486.71822000,"amount":0.01146000,"tid":341530,
        "type":"sell"},{"date":1478929151,"price":2490.00000000,"amount":0.01146185,"tid":341529,
        "type":"buy"},{"date":1478929082,"price":2482.50001000,"amount":0.01158000,"tid":341528,
        "type":"sell"},{"date":1478927802,"price":2490.00000000,"amount":0.01894370,"tid":341527,
        "type":"buy"},{"date":1478927370,"price":2490.00000000,"amount":0.00073986,"tid":341526,
        "type":"buy"},{"date":1478927370,"price":2489.90000000,"amount":0.03746759,"tid":341525,
        "type":"buy"},{"date":1478927069,"price":2489.90000000,"amount":0.00401623,"tid":341524,
        "type":"buy"},{"date":1478926327,"price":2489.90000000,"amount":0.03815414,"tid":341523,
        "type":"buy"},{"date":1478926293,"price":2489.90000000,"amount":0.07523666,"tid":341522,
        "type":"buy"},{"date":1478924892,"price":2489.90000000,"amount":0.05381742,"tid":341521,
        "type":"buy"},{"date":1478921896,"price":2482.50001000,"amount":0.17255000,"tid":341520,
        "type":"sell"},{"date":1478921896,"price":2482.65000000,"amount":0.20087000,"tid":341519,
        "type":"sell"},{"date":1478921896,"price":2483.16000000,"amount":0.10053000,"tid":341518,
        "type":"sell"},{"date":1478921896,"price":2484.15000000,"amount":0.30083000,"tid":341517,
        "type":"sell"},{"date":1478921896,"price":2484.29400000,"amount":0.20932000,"tid":341516,
        "type":"sell"},{"date":1478921896,"price":2485.39000000,"amount":0.10000000,"tid":341515,
        "type":"sell"},{"date":1478921896,"price":2486.12000000,"amount":0.10000000,"tid":341514,
        "type":"sell"},{"date":1478921896,"price":2489.30000000,"amount":0.12000000,"tid":341513,
        "type":"sell"},{"date":1478921896,"price":2489.30000000,"amount":0.79083000,"tid":341512,
        "type":"sell"},{"date":1478920697,"price":2489.30000000,"amount":0.01489000,"tid":341511,
        "type":"sell"},{"date":1478919756,"price":2489.30000000,"amount":0.01028000,"tid":341510,
        "type":"sell"},{"date":1478918985,"price":2490.00000000,"amount":0.27320080,"tid":341509,
        "type":"buy"},{"date":1478918826,"price":2489.30893000,"amount":0.01024000,"tid":341508,
        "type":"sell"},{"date":1478917617,"price":2489.30564000,"amount":0.01553000,"tid":341507,
        "type":"sell"},{"date":1478915712,"price":2489.30058000,"amount":0.61169000,"tid":341506,
        "type":"sell"},{"date":1478915287,"price":2515.77795000,"amount":0.03136110,"tid":341505,
        "type":"buy"},{"date":1478915287,"price":2515.12345000,"amount":0.01119000,"tid":341504,
        "type":"buy"},{"date":1478915287,"price":2515.00000000,"amount":0.81146000,"tid":341503,
        "type":"buy"},{"date":1478915287,"price":2514.98188000,"amount":0.86403210,"tid":341502,
        "type":"buy"},{"date":1478915287,"price":2514.98180000,"amount":0.02811540,"tid":341501,
        "type":"buy"},{"date":1478915287,"price":2514.98180000,"amount":0.18546252,"tid":341500,
        "type":"buy"},{"date":1478915287,"price":2503.00000000,"amount":0.40749766,"tid":341499,
        "type":"buy"},{"date":1478915214,"price":2486.12001000,"amount":0.24050000,"tid":341498,
        "type":"sell"},{"date":1478915152,"price":2486.12001000,"amount":0.20800000,"tid":341497,
        "type":"sell"},{"date":1478913663,"price":2486.12001000,"amount":0.33833000,"tid":341496,
        "type":"sell"},{"date":1478913210,"price":2486.12001000,"amount":0.01163200,"tid":341495,
        "type":"sell"},{"date":1478913210,"price":2490.00000000,"amount":0.00520800,"tid":341494,
        "type":"sell"},{"date":1478909918,"price":2503.00000000,"amount":0.02305234,"tid":341493,
        "type":"buy"},{"date":1478909918,"price":2500.00000000,"amount":0.01092000,"tid":341492,
        "type":"buy"},{"date":1478909700,"price":2490.00000000,"amount":0.03534000,"tid":341491,
        "type":"sell"},{"date":1478908004,"price":2490.00000000,"amount":0.16870000,"tid":341490,
        "type":"sell"},{"date":1478908004,"price":2490.10000000,"amount":0.04130000,"tid":341489,
        "type":"sell"},{"date":1478907424,"price":2490.12001000,"amount":0.24893000,"tid":341488,
        "type":"sell"},{"date":1478907227,"price":2515.28480000,"amount":0.25264654,"tid":341487,
        "type":"buy"},{"date":1478907227,"price":2515.28478000,"amount":0.12096601,"tid":341486,
        "type":"buy"},{"date":1478907227,"price":2515.28475000,"amount":0.01913669,"tid":341485,
        "type":"buy"},{"date":1478905938,"price":2490.10108000,"amount":0.02820000,"tid":341484,
        "type":"sell"},{"date":1478905261,"price":2490.00549000,"amount":0.06817000,"tid":341483,
        "type":"sell"},{"date":1478904110,"price":2516.18951000,"amount":0.03781909,"tid":341482,
        "type":"buy"},{"date":1478903523,"price":2516.30999000,"amount":0.01788333,"tid":341481,
        "type":"buy"},{"date":1478903404,"price":2516.30999000,"amount":0.11922219,"tid":341480,
        "type":"buy"},{"date":1478903358,"price":2516.29998000,"amount":0.01370529,"tid":341479,
        "type":"buy"},{"date":1478903358,"price":2516.29997000,"amount":0.22474005,"tid":341478,
        "type":"buy"},{"date":1478903327,"price":2516.01933000,"amount":0.02222161,"tid":341477,
        "type":"buy"},{"date":1478903160,"price":2516.05937000,"amount":0.12358184,"tid":341476,
        "type":"buy"},{"date":1478903160,"price":2516.05934000,"amount":0.01160177,"tid":341475,
        "type":"buy"},{"date":1478902915,"price":2490.00007000,"amount":0.08700000,"tid":341474,
        "type":"sell"},{"date":1478902849,"price":2490.00091000,"amount":0.12133000,"tid":341473,
        "type":"sell"},{"date":1478902801,"price":2490.00088000,"amount":0.17214000,"tid":341472,
        "type":"sell"},{"date":1478902531,"price":2490.00042000,"amount":0.09023000,"tid":341471,
        "type":"sell"},{"date":1478902432,"price":2516.31999000,"amount":0.35977539,"tid":341470,
        "type":"buy"},{"date":1478901479,"price":2516.56994000,"amount":0.01916498,"tid":341469,
        "type":"buy"},{"date":1478901329,"price":2516.11997000,"amount":0.03974373,"tid":341468,
        "type":"buy"},{"date":1478901280,"price":2494.00003000,"amount":0.01374000,"tid":341467,
        "type":"sell"},{"date":1478900922,"price":2516.32000000,"amount":0.01832040,"tid":341466,
        "type":"buy"},{"date":1478900735,"price":2494.00003000,"amount":0.03776000,"tid":341465,
        "type":"sell"},{"date":1478900395,"price":2516.57000000,"amount":0.27807602,"tid":341464,
        "type":"buy"},{"date":1478900395,"price":2499.99999000,"amount":0.62021200,"tid":341463,
        "type":"buy"},{"date":1478900346,"price":2494.00000000,"amount":0.08228000,"tid":341462,
        "type":"sell"},{"date":1478899933,"price":2499.99999000,"amount":0.01980000,"tid":341461,
        "type":"buy"},{"date":1478899770,"price":2499.99999000,"amount":0.02400000,"tid":341460,
        "type":"buy"},{"date":1478899414,"price":2499.99999000,"amount":0.03598800,"tid":341459,
        "type":"buy"},{"date":1478899325,"price":2516.08996000,"amount":0.25341219,"tid":341458,
        "type":"buy"},{"date":1478899325,"price":2516.08995000,"amount":0.32123340,"tid":341457,
        "type":"buy"},{"date":1478899325,"price":2500.00000000,"amount":0.32972000,"tid":341456,
        "type":"buy"},{"date":1478899325,"price":2500.00000000,"amount":0.07073600,"tid":341455,
        "type":"buy"},{"date":1478899200,"price":2494.00000000,"amount":0.21083000,"tid":341454,
        "type":"sell"},{"date":1478899143,"price":2500.00000000,"amount":0.02216400,"tid":341453,
        "type":"buy"},{"date":1478898427,"price":2492.00000000,"amount":0.02000000,"tid":341452,
        "type":"sell"},{"date":1478898331,"price":2500.00000000,"amount":0.08004400,"tid":341451,
        "type":"buy"},{"date":1478898284,"price":2491.00001000,"amount":0.01205000,"tid":341450,
        "type":"sell"},{"date":1478898093,"price":2500.00000000,"amount":0.03609200,"tid":341449,
        "type":"buy"},{"date":1478897482,"price":2500.00000000,"amount":0.08000000,"tid":341448,
        "type":"buy"},{"date":1478897295,"price":2491.00000000,"amount":0.00393400,"tid":341447,
        "type":"sell"},{"date":1478897295,"price":2491.83000000,"amount":0.02006600,"tid":341446,
        "type":"sell"},{"date":1478897280,"price":2500.00000000,"amount":0.01844400,"tid":341445,
        "type":"buy"},{"date":1478897075,"price":2491.83001000,"amount":0.30903000,"tid":341444,
        "type":"sell"},{"date":1478897060,"price":2500.00000000,"amount":0.00400000,"tid":341443,
        "type":"buy"},{"date":1478897021,"price":2492.14061000,"amount":0.01317000,"tid":341442,
        "type":"sell"},{"date":1478896914,"price":2500.00000000,"amount":0.06262000,"tid":341441,
        "type":"buy"},{"date":1478896879,"price":2500.00000000,"amount":0.03805000,"tid":341440,
        "type":"buy"},{"date":1478896674,"price":2492.22682000,"amount":0.20297000,"tid":341439,
        "type":"sell"},{"date":1478896624,"price":2492.20675000,"amount":0.42340000,"tid":341438,
        "type":"sell"},{"date":1478896521,"price":2542.99000000,"amount":2.38477340,"tid":341437,
        "type":"buy"},{"date":1478896521,"price":2540.68466000,"amount":0.50000000,"tid":341436,
        "type":"buy"},{"date":1478896521,"price":2540.00000000,"amount":0.05462000,"tid":341435,
        "type":"buy"},{"date":1478896521,"price":2539.00000000,"amount":0.07141000,"tid":341434,
        "type":"buy"},{"date":1478896521,"price":2538.99997000,"amount":0.15061280,"tid":341433,
        "type":"buy"},{"date":1478896521,"price":2533.89772000,"amount":0.50000000,"tid":341432,
        "type":"buy"},{"date":1478896521,"price":2533.10000000,"amount":2.07400000,"tid":341431,
        "type":"buy"},{"date":1478896520,"price":2530.00000000,"amount":0.05982000,"tid":341430,
        "type":"buy"},{"date":1478896520,"price":2527.61949000,"amount":0.50000000,"tid":341429,
        "type":"buy"},{"date":1478896520,"price":2527.61948000,"amount":0.70000000,"tid":341428,
        "type":"buy"},{"date":1478896520,"price":2524.99000000,"amount":2.84745000,"tid":341427,
        "type":"buy"},{"date":1478896519,"price":2524.88282000,"amount":0.50000000,"tid":341426,
        "type":"buy"},{"date":1478896519,"price":2523.13765000,"amount":0.50000000,"tid":341425,
        "type":"buy"},{"date":1478896519,"price":2522.81440000,"amount":0.50000000,"tid":341424,
        "type":"buy"},{"date":1478896519,"price":2522.49189000,"amount":0.50000000,"tid":341423,
        "type":"buy"},{"date":1478896519,"price":2520.00000000,"amount":0.00189807,"tid":341422,
        "type":"buy"},{"date":1478896519,"price":2518.59088000,"amount":0.50000000,"tid":341421,
        "type":"buy"},{"date":1478896519,"price":2518.46343000,"amount":0.50000000,"tid":341420,
        "type":"buy"},{"date":1478896519,"price":2517.39997000,"amount":0.28614263,"tid":341419,
        "type":"buy"},{"date":1478896519,"price":2517.00000000,"amount":0.30693045,"tid":341418,
        "type":"buy"},{"date":1478896471,"price":2517.00000000,"amount":0.03388955,"tid":341417,
        "type":"buy"},{"date":1478896400,"price":2516.99994000,"amount":0.01532405,"tid":341416,
        "type":"buy"},{"date":1478896400,"price":2516.98880000,"amount":0.06530000,"tid":341415,
        "type":"buy"},{"date":1478895841,"price":2516.99994000,"amount":0.02032000,"tid":341414,
        "type":"buy"},{"date":1478895501,"price":2516.99994000,"amount":0.04557410,"tid":341413,
        "type":"buy"},{"date":1478895500,"price":2516.99994000,"amount":0.01023441,"tid":341412,
        "type":"buy"},{"date":1478895476,"price":2516.99994000,"amount":0.05725864,"tid":341411,
        "type":"buy"},{"date":1478895209,"price":2516.99994000,"amount":0.00962573,"tid":341410,
        "type":"buy"},{"date":1478895209,"price":2516.99989000,"amount":0.01023919,"tid":341409,
        "type":"buy"},{"date":1478895190,"price":2491.75479000,"amount":0.01027000,"tid":341408,
        "type":"sell"},{"date":1478894934,"price":2516.99994000,"amount":0.01827573,"tid":341407,
        "type":"buy"},{"date":1478894903,"price":2516.99994000,"amount":0.02582439,"tid":341406,
        "type":"buy"},{"date":1478894638,"price":2516.99994000,"amount":0.02224871,"tid":341405,
        "type":"buy"},{"date":1478894597,"price":2516.99994000,"amount":0.03589919,"tid":341404,
        "type":"buy"},{"date":1478894596,"price":2516.99993000,"amount":0.01495500,"tid":341403,
        "type":"buy"},{"date":1478894568,"price":2516.99994000,"amount":0.01827573,"tid":341402,
        "type":"buy"},{"date":1478894020,"price":2491.37319000,"amount":0.01500000,"tid":341401,
        "type":"sell"},{"date":1478893993,"price":2517.00000000,"amount":0.01510574,"tid":341400,
        "type":"buy"},{"date":1478893972,"price":2491.36309000,"amount":0.00900000,"tid":341399,
        "type":"sell"},{"date":1478893962,"price":2517.00000000,"amount":0.07548669,"tid":341398,
        "type":"buy"},{"date":1478893952,"price":2517.00000000,"amount":0.03388955,"tid":341397,
        "type":"buy"},{"date":1478893767,"price":2518.25947000,"amount":0.04094403,"tid":341396,
        "type":"sell"},{"date":1478893766,"price":2520.00000000,"amount":0.04775193,"tid":341395,
        "type":"buy"},{"date":1478893766,"price":2518.35948000,"amount":0.06782000,"tid":341394,
        "type":"buy"},{"date":1478893535,"price":2518.25947000,"amount":0.02328597,"tid":341393,
        "type":"buy"},{"date":1478893424,"price":2518.25947000,"amount":0.02055388,"tid":341392,
        "type":"buy"},{"date":1478893235,"price":2518.25947000,"amount":0.03970997,"tid":341391,
        "type":"buy"},{"date":1478893173,"price":2518.14902000,"amount":0.03824635,"tid":341390,
        "type":"buy"},{"date":1478893122,"price":2518.14902000,"amount":0.03776981,"tid":341389,
        "type":"buy"},{"date":1478892854,"price":2518.14908000,"amount":0.09354904,"tid":341388,
        "type":"buy"},{"date":1478892854,"price":2518.13911000,"amount":0.10581606,"tid":341387,
        "type":"buy"},{"date":1478892846,"price":2518.14911000,"amount":0.11821000,"tid":341386,
        "type":"buy"},{"date":1478892511,"price":2518.25947000,"amount":0.12511231,"tid":341385,
        "type":"buy"},{"date":1478892511,"price":2518.00000000,"amount":0.08210000,"tid":341384,
        "type":"buy"},{"date":1478892511,"price":2517.97997000,"amount":0.27903722,"tid":341383,
        "type":"buy"},{"date":1478892511,"price":2517.77875000,"amount":0.30831240,"tid":341382,
        "type":"buy"},{"date":1478892450,"price":2490.99039000,"amount":0.00943000,"tid":341381,
        "type":"sell"},{"date":1478892432,"price":2517.97998000,"amount":0.01787147,"tid":341380,
        "type":"buy"},{"date":1478892379,"price":2517.81886000,"amount":0.01830950,"tid":341379,
        "type":"buy"},{"date":1478892350,"price":2517.82893000,"amount":0.51046744,"tid":341378,
        "type":"buy"},{"date":1478892349,"price":2517.82891000,"amount":0.16475915,"tid":341377,
        "type":"buy"},{"date":1478892226,"price":2488.20062000,"amount":0.26099000,"tid":341376,
        "type":"sell"},{"date":1478892215,"price":2517.85916000,"amount":0.19858140,"tid":341375,
        "type":"buy"},{"date":1478892146,"price":2488.17056000,"amount":0.41212000,"tid":341374,
        "type":"sell"},{"date":1478892145,"price":2517.85934000,"amount":0.00928514,"tid":341373,
        "type":"buy"},{"date":1478892145,"price":2517.85932000,"amount":0.02070065,"tid":341372,
        "type":"buy"},{"date":1478892038,"price":2517.88950000,"amount":0.10000000,"tid":341371,
        "type":"buy"},{"date":1478891966,"price":2517.90961000,"amount":0.00397155,"tid":341370,
        "type":"buy"},{"date":1478891909,"price":2517.92968000,"amount":0.03971000,"tid":341369,
        "type":"buy"},{"date":1478891836,"price":2485.84177000,"amount":0.09428000,"tid":341368,
        "type":"sell"},{"date":1478891812,"price":2485.74174000,"amount":0.05400000,"tid":341367,
        "type":"sell"},{"date":1478891746,"price":2485.64158000,"amount":0.02376000,"tid":341366,
        "type":"sell"},{"date":1478891413,"price":2518.22940000,"amount":0.03032000,"tid":341365,
        "type":"buy"},{"date":1478891332,"price":2518.24946000,"amount":0.01831034,"tid":341364,
        "type":"buy"},{"date":1478891292,"price":2518.24941000,"amount":0.06069000,"tid":341363,
        "type":"buy"},{"date":1478891220,"price":2484.54044000,"amount":0.02000000,"tid":341362,
        "type":"sell"},{"date":1478891188,"price":2484.45033000,"amount":0.20967000,"tid":341361,
        "type":"sell"},{"date":1478891188,"price":2484.54031000,"amount":0.20929000,"tid":341360,
        "type":"sell"},{"date":1478891122,"price":2518.35947000,"amount":0.00967774,"tid":341359,
        "type":"buy"},{"date":1478891100,"price":2518.35947000,"amount":0.02585000,"tid":341358,
        "type":"buy"},{"date":1478891067,"price":2484.22017000,"amount":0.65000000,"tid":341357,
        "type":"sell"},{"date":1478890969,"price":2518.35949000,"amount":0.07668484,"tid":341356,
        "type":"buy"},{"date":1478890960,"price":2518.35949000,"amount":0.22918126,"tid":341355,
        "type":"buy"},{"date":1478890960,"price":2500.10000000,"amount":0.04913371,"tid":341354,
        "type":"buy"},{"date":1478890889,"price":2500.10000000,"amount":0.02041629,"tid":341353,
        "type":"buy"},{"date":1478890889,"price":2490.10000000,"amount":0.01523000,"tid":341352,
        "type":"buy"},{"date":1478890889,"price":2490.00000000,"amount":0.04970000,"tid":341351,
        "type":"buy"},{"date":1478890600,"price":2490.00000000,"amount":0.05000000,"tid":341350,
        "type":"buy"},{"date":1478890569,"price":2484.10000000,"amount":0.10000000,"tid":341349,
        "type":"sell"},{"date":1478890465,"price":2524.98000000,"amount":1.61310378,"tid":341348,
        "type":"buy"},{"date":1478890465,"price":2524.88318000,"amount":0.13514000,"tid":341347,
        "type":"buy"},{"date":1478890465,"price":2524.88168000,"amount":0.70000000,"tid":341346,
        "type":"buy"},{"date":1478890465,"price":2524.88167000,"amount":0.01006970,"tid":341345,
        "type":"buy"},{"date":1478890465,"price":2517.85298000,"amount":0.01370928,"tid":341344,
        "type":"buy"},{"date":1478890464,"price":2517.85294000,"amount":0.15189186,"tid":341343,
        "type":"buy"},{"date":1478890464,"price":2510.00000000,"amount":1.79645000,"tid":341342,
        "type":"buy"},{"date":1478890464,"price":2509.99999000,"amount":1.61680000,"tid":341341,
        "type":"buy"},{"date":1478890464,"price":2509.99998000,"amount":1.02550000,"tid":341340,
        "type":"buy"},{"date":1478890464,"price":2509.76999000,"amount":0.25213658,"tid":341339,
        "type":"buy"},{"date":1478890464,"price":2509.76000000,"amount":0.02633077,"tid":341338,
        "type":"buy"},{"date":1478890463,"price":2509.71000000,"amount":2.00000000,"tid":341337,
        "type":"buy"},{"date":1478890284,"price":2482.57044000,"amount":0.01010000,"tid":341336,
        "type":"sell"},{"date":1478890273,"price":2482.57039000,"amount":0.02641000,"tid":341335,
        "type":"sell"},{"date":1478890230,"price":2509.99997000,"amount":0.03007968,"tid":341334,
        "type":"buy"},{"date":1478890057,"price":2509.99998000,"amount":0.09410139,"tid":341333,
        "type":"buy"},{"date":1478890057,"price":2500.00000000,"amount":0.02197421,"tid":341332,
        "type":"buy"},{"date":1478889897,"price":2482.50001000,"amount":0.37745000,"tid":341331,
        "type":"sell"},{"date":1478889826,"price":2500.00000000,"amount":0.00865579,"tid":341330,
        "type":"buy"},{"date":1478889826,"price":2500.00000000,"amount":0.62422000,"tid":341329,
        "type":"buy"},{"date":1478889826,"price":2500.00000000,"amount":0.29000000,"tid":341328,
        "type":"buy"},{"date":1478889826,"price":2500.00000000,"amount":0.04097000,"tid":341327,
        "type":"buy"},{"date":1478889826,"price":2500.00000000,"amount":0.01000000,"tid":341326,
        "type":"buy"},{"date":1478889825,"price":2500.00000000,"amount":0.00495421,"tid":341325,
        "type":"buy"},{"date":1478889777,"price":2500.00000000,"amount":0.03691579,"tid":341324,
        "type":"buy"},{"date":1478889777,"price":2499.00000000,"amount":0.07111266,"tid":341323,
        "type":"buy"},{"date":1478889745,"price":2499.00000000,"amount":0.07724068,"tid":341322,
        "type":"buy"},{"date":1478889735,"price":2499.00000000,"amount":0.98915566,"tid":341321,
        "type":"buy"},{"date":1478889710,"price":2499.00000000,"amount":0.00263702,"tid":341320,
        "type":"buy"},{"date":1478889709,"price":2498.00000000,"amount":0.03883510,"tid":341319,
        "type":"buy"},{"date":1478889646,"price":2498.00000000,"amount":0.15612490,"tid":341318,
        "type":"buy"},{"date":1478889589,"price":2455.46599000,"amount":0.02200000,"tid":341317,
        "type":"sell"},{"date":1478889589,"price":2470.10000000,"amount":0.00900000,"tid":341316,
        "type":"sell"},{"date":1478889579,"price":2499.00000000,"amount":0.32685398,"tid":341315,
        "type":"buy"},{"date":1478889579,"price":2499.00000000,"amount":0.61940000,"tid":341314,
        "type":"buy"},{"date":1478889578,"price":2489.99000000,"amount":0.48031000,"tid":341313,
        "type":"buy"},{"date":1478889578,"price":2485.00000000,"amount":0.00984000,"tid":341312,
        "type":"buy"},{"date":1478889578,"price":2482.16436000,"amount":0.03589200,"tid":341311,
        "type":"buy"},{"date":1478889578,"price":2480.00000000,"amount":0.04985000,"tid":341310,
        "type":"buy"},{"date":1478889578,"price":2480.00000000,"amount":0.05208000,"tid":341309,
        "type":"buy"},{"date":1478889578,"price":2480.00000000,"amount":0.50000000,"tid":341308,
        "type":"buy"},{"date":1478889578,"price":2479.43831000,"amount":0.32938296,"tid":341307,
        "type":"buy"},{"date":1478889578,"price":2475.22176000,"amount":0.41060193,"tid":341306,
        "type":"buy"},{"date":1478889447,"price":2455.01299000,"amount":0.18919000,"tid":341305,
        "type":"sell"},{"date":1478889447,"price":2470.10000000,"amount":0.00900000,"tid":341304,
        "type":"sell"},{"date":1478889440,"price":2475.22176000,"amount":0.03450196,"tid":341303,
        "type":"buy"},{"date":1478889375,"price":2475.22176000,"amount":0.14847093,"tid":341302,
        "type":"buy"},{"date":1478889374,"price":2475.22175000,"amount":0.23017303,"tid":341301,
        "type":"buy"},{"date":1478889374,"price":2472.00000000,"amount":0.01617000,"tid":341300,
        "type":"buy"},{"date":1478889291,"price":2475.22175000,"amount":0.01164744,"tid":341299,
        "type":"buy"},{"date":1478889240,"price":2475.22175000,"amount":0.02654308,"tid":341298,
        "type":"buy"},{"date":1478889222,"price":2475.22175000,"amount":0.32521127,"tid":341297,
        "type":"buy"},{"date":1478889094,"price":2475.22174000,"amount":0.02373121,"tid":341296,
        "type":"buy"},{"date":1478889010,"price":2453.30000000,"amount":0.00602421,"tid":341295,
        "type":"sell"},{"date":1478889009,"price":2470.00000000,"amount":0.01796579,"tid":341294,
        "type":"sell"},{"date":1478888978,"price":2475.22175000,"amount":0.02051129,"tid":341293,
        "type":"buy"},{"date":1478888961,"price":2475.22176000,"amount":0.03838040,"tid":341292,
        "type":"buy"},{"date":1478888787,"price":2470.00000000,"amount":0.04290000,"tid":341291,
        "type":"sell"},{"date":1478888665,"price":2470.00000000,"amount":0.03575000,"tid":341290,
        "type":"sell"},{"date":1478888632,"price":2475.22175000,"amount":0.39479695,"tid":341289,
        "type":"buy"},{"date":1478888076,"price":2475.22174000,"amount":0.02654000,"tid":341288,
        "type":"buy"},{"date":1478888055,"price":2475.22174000,"amount":0.01862459,"tid":341287,
        "type":"buy"},{"date":1478887961,"price":2475.22175000,"amount":0.02650000,"tid":341286,
        "type":"buy"},{"date":1478887923,"price":2475.22173000,"amount":0.28522697,"tid":341285,
        "type":"buy"},{"date":1478887821,"price":2470.00000000,"amount":0.01122000,"tid":341284,
        "type":"sell"},{"date":1478887801,"price":2470.00000000,"amount":0.02066000,"tid":341283,
        "type":"sell"},{"date":1478887745,"price":2475.22175000,"amount":0.01862459,"tid":341282,
        "type":"buy"},{"date":1478887504,"price":2475.22176000,"amount":0.42694478,"tid":341281,
        "type":"buy"},{"date":1478887504,"price":2472.98000000,"amount":0.01246000,"tid":341280,
        "type":"buy"},{"date":1478887504,"price":2472.00000000,"amount":0.00945000,"tid":341279,
        "type":"buy"},{"date":1478887504,"price":2472.00000000,"amount":0.10448352,"tid":341278,
        "type":"buy"},{"date":1478887357,"price":2472.00000000,"amount":0.01200000,"tid":341277,
        "type":"buy"},{"date":1478887311,"price":2472.00000000,"amount":0.01864887,"tid":341276,
        "type":"buy"},{"date":1478887002,"price":2472.00000000,"amount":0.05829693,"tid":341275,
        "type":"buy"},{"date":1478886956,"price":2472.00000000,"amount":0.39569000,"tid":341274,
        "type":"buy"},{"date":1478886936,"price":2470.00000000,"amount":0.00900000,"tid":341273,
        "type":"sell"},{"date":1478886715,"price":2471.99999000,"amount":0.18088592,"tid":341272,
        "type":"buy"},{"date":1478886590,"price":2472.00000000,"amount":0.07006068,"tid":341271,
        "type":"buy"},{"date":1478886505,"price":2470.00000000,"amount":0.45643421,"tid":341270,
        "type":"buy"},{"date":1478886263,"price":2470.00000000,"amount":0.03850607,"tid":341269,
        "type":"buy"},{"date":1478886223,"price":2470.00000000,"amount":0.00505972,"tid":341268,
        "type":"buy"},{"date":1478886223,"price":2470.00000000,"amount":0.02900000,"tid":341267,
        "type":"buy"},{"date":1478886223,"price":2468.80000000,"amount":0.00921000,"tid":341266,
        "type":"buy"},{"date":1478886223,"price":2468.80000000,"amount":0.00675423,"tid":341265,
        "type":"buy"},{"date":1478886213,"price":2468.80000000,"amount":0.11492577,"tid":341264,
        "type":"buy"},{"date":1478886213,"price":2468.79998000,"amount":0.22966270,"tid":341263,
        "type":"buy"},{"date":1478885994,"price":2450.16001000,"amount":0.12700000,"tid":341262,
        "type":"sell"},{"date":1478885788,"price":2450.15000000,"amount":0.02334000,"tid":341261,
        "type":"sell"},{"date":1478885561,"price":2450.14001000,"amount":0.00964000,"tid":341260,
        "type":"sell"},{"date":1478885350,"price":2468.79998000,"amount":0.00187730,"tid":341259,
        "type":"buy"},{"date":1478885350,"price":2468.52000000,"amount":0.00768905,"tid":341258,
        "type":"buy"},{"date":1478885350,"price":2468.00000000,"amount":0.00907000,"tid":341257,
        "type":"buy"},{"date":1478884659,"price":2468.52000000,"amount":0.02098691,"tid":341256,
        "type":"buy"},{"date":1478884642,"price":2468.52000000,"amount":0.10227404,"tid":341255,
        "type":"buy"},{"date":1478884642,"price":2468.00000000,"amount":0.03949533,"tid":341254,
        "type":"buy"},{"date":1478884616,"price":2450.12000000,"amount":0.07110000,"tid":341253,
        "type":"sell"},{"date":1478884616,"price":2450.12001000,"amount":0.34000000,"tid":341252,
        "type":"sell"},{"date":1478884313,"price":2450.12000000,"amount":0.07142000,"tid":341251,
        "type":"sell"},{"date":1478884289,"price":2468.00000000,"amount":0.01867909,"tid":341250,
        "type":"buy"},{"date":1478884106,"price":2450.10000000,"amount":0.03403564,"tid":341249,
        "type":"sell"},{"date":1478884106,"price":2450.10001000,"amount":0.11738436,"tid":341248,
        "type":"sell"},{"date":1478884074,"price":2468.00000000,"amount":0.14874323,"tid":341247,
        "type":"buy"},{"date":1478884074,"price":2467.99000000,"amount":0.01029000,"tid":341246,
        "type":"buy"},{"date":1478883622,"price":2468.00000000,"amount":0.04240235,"tid":341245,
        "type":"buy"},{"date":1478883622,"price":2468.00000000,"amount":0.09924765,"tid":341244,
        "type":"buy"},{"date":1478883593,"price":2468.00000000,"amount":0.06084279,"tid":341243,
        "type":"buy"},{"date":1478883571,"price":2450.08003000,"amount":0.06172000,"tid":341242,
        "type":"sell"},{"date":1478883546,"price":2468.00000000,"amount":0.05856159,"tid":341241,
        "type":"buy"},{"date":1478883301,"price":2468.00000000,"amount":0.12498489,"tid":341240,
        "type":"buy"},{"date":1478883159,"price":2468.00000000,"amount":0.03849271,"tid":341239,
        "type":"buy"},{"date":1478882986,"price":2468.00000000,"amount":0.03009000,"tid":341238,
        "type":"buy"},{"date":1478882976,"price":2468.00000000,"amount":0.03456240,"tid":341237,
        "type":"buy"},{"date":1478882864,"price":2468.00000000,"amount":0.00405186,"tid":341236,
        "type":"buy"},{"date":1478882768,"price":2468.00000000,"amount":0.13187000,"tid":341235,
        "type":"buy"},{"date":1478882733,"price":2468.00000000,"amount":0.08266868,"tid":341234,
        "type":"buy"},{"date":1478882723,"price":2468.00000000,"amount":0.03836858,"tid":341233,
        "type":"buy"},{"date":1478882537,"price":2468.00000000,"amount":0.03085000,"tid":341232,
        "type":"buy"},{"date":1478882486,"price":2450.06000000,"amount":0.30990000,"tid":341231,
        "type":"sell"},{"date":1478882438,"price":2468.00000000,"amount":0.06903885,"tid":341230,
        "type":"buy"},{"date":1478882438,"price":2468.00000000,"amount":0.03363990,"tid":341229,
        "type":"buy"},{"date":1478882336,"price":2450.05000000,"amount":0.06802000,"tid":341228,
        "type":"sell"},{"date":1478882332,"price":2468.00000000,"amount":0.03456240,"tid":341227,
        "type":"buy"},{"date":1478882318,"price":2468.00000000,"amount":0.04463533,"tid":341226,
        "type":"buy"},{"date":1478882258,"price":2468.00000000,"amount":0.03862237,"tid":341225,
        "type":"buy"},{"date":1478882150,"price":2467.99999000,"amount":0.02601208,"tid":341224,
        "type":"buy"},{"date":1478882124,"price":2467.99999000,"amount":0.21492170,"tid":341223,
        "type":"buy"},{"date":1478882123,"price":2465.48000000,"amount":0.02050231,"tid":341222,
        "type":"buy"},{"date":1478882123,"price":2465.15000000,"amount":0.02950000,"tid":341221,
        "type":"buy"},{"date":1478882123,"price":2464.92000000,"amount":0.13143765,"tid":341220,
        "type":"buy"},{"date":1478881864,"price":2450.00015000,"amount":0.14400000,"tid":341219,
        "type":"sell"},{"date":1478881818,"price":2464.92000000,"amount":0.03406235,"tid":341218,
        "type":"buy"},{"date":1478881817,"price":2464.54820000,"amount":0.00452376,"tid":341217,
        "type":"buy"},{"date":1478881642,"price":2464.50000000,"amount":0.14213494,"tid":341216,
        "type":"buy"},{"date":1478881550,"price":2464.54820000,"amount":0.01830356,"tid":341215,
        "type":"buy"},{"date":1478881487,"price":2464.54820000,"amount":0.01959791,"tid":341214,
        "type":"buy"},{"date":1478881469,"price":2464.54820000,"amount":0.01792477,"tid":341213,
        "type":"buy"},{"date":1478881468,"price":2464.54010000,"amount":0.10020269,"tid":341212,
        "type":"buy"},{"date":1478881023,"price":2464.54010000,"amount":0.00179731,"tid":341211,
        "type":"buy"},{"date":1478881023,"price":2464.53990000,"amount":0.20100000,"tid":341210,
        "type":"buy"},{"date":1478881023,"price":2464.53980000,"amount":0.19800000,"tid":341209,
        "type":"buy"},{"date":1478881023,"price":2464.48000000,"amount":0.02468000,"tid":341208,
        "type":"buy"},{"date":1478881023,"price":2464.35000000,"amount":0.08000000,"tid":341207,
        "type":"buy"},{"date":1478881023,"price":2464.16000000,"amount":0.20500000,"tid":341206,
        "type":"buy"},{"date":1478881023,"price":2463.80000000,"amount":0.50839000,"tid":341205,
        "type":"buy"},{"date":1478881023,"price":2460.00000000,"amount":0.42617000,"tid":341204,
        "type":"buy"},{"date":1478881022,"price":2460.00000000,"amount":0.20000000,"tid":341203,
        "type":"buy"},{"date":1478881022,"price":2459.59735000,"amount":0.59203000,"tid":341202,
        "type":"buy"},{"date":1478880932,"price":2459.59734000,"amount":0.03252565,"tid":341201,
        "type":"buy"},{"date":1478880694,"price":2459.59734000,"amount":0.19296196,"tid":341200,
        "type":"buy"},{"date":1478880694,"price":2459.57000000,"amount":0.09444000,"tid":341199,
        "type":"buy"},{"date":1478880694,"price":2459.00000000,"amount":0.62089387,"tid":341198,
        "type":"buy"},{"date":1478880693,"price":2458.99999000,"amount":0.62089387,"tid":341197,
        "type":"buy"},{"date":1478880693,"price":2458.96000000,"amount":0.46072730,"tid":341196,
        "type":"buy"},{"date":1478880693,"price":2458.95000000,"amount":0.04336950,"tid":341195,
        "type":"buy"},{"date":1478880114,"price":2439.11000000,"amount":0.04350000,"tid":341194,
        "type":"sell"},{"date":1478880046,"price":2458.96000000,"amount":0.03927270,"tid":341193,
        "type":"buy"},{"date":1478880005,"price":2458.94830000,"amount":0.07157532,"tid":341192,
        "type":"buy"},{"date":1478879885,"price":2458.95370000,"amount":0.49326385,"tid":341191,
        "type":"buy"},{"date":1478879885,"price":2457.00000000,"amount":0.32197000,"tid":341190,
        "type":"buy"},{"date":1478879885,"price":2456.87991000,"amount":0.10188221,"tid":341189,
        "type":"buy"},{"date":1478879885,"price":2456.87988000,"amount":0.03527386,"tid":341188,
        "type":"buy"},{"date":1478879885,"price":2456.86990000,"amount":0.07976000,"tid":341187,
        "type":"buy"},{"date":1478879885,"price":2456.00000000,"amount":0.12055000,"tid":341186,
        "type":"buy"},{"date":1478879348,"price":2436.99001000,"amount":0.09036000,"tid":341185,
        "type":"sell"},{"date":1478879151,"price":2436.99000000,"amount":0.32294000,"tid":341184,
        "type":"sell"},{"date":1478879116,"price":2436.95939000,"amount":0.03538000,"tid":341183,
        "type":"sell"},{"date":1478878899,"price":2438.59002000,"amount":0.08000000,"tid":341182,
        "type":"sell"},{"date":1478878884,"price":2458.99998000,"amount":0.03867832,"tid":341181,
        "type":"buy"},{"date":1478878866,"price":2438.58002000,"amount":0.03403000,"tid":341180,
        "type":"sell"},{"date":1478878866,"price":2438.62000000,"amount":0.20089000,"tid":341179,
        "type":"sell"},{"date":1478878866,"price":2438.99999000,"amount":0.12091000,"tid":341178,
        "type":"sell"},{"date":1478878824,"price":2458.99999000,"amount":0.01870679,"tid":341177,
        "type":"buy"},{"date":1478878550,"price":2459.00000000,"amount":0.08243269,"tid":341176,
        "type":"buy"},{"date":1478878550,"price":2458.99999000,"amount":0.70332656,"tid":341175,
        "type":"buy"},{"date":1478878550,"price":2458.99992000,"amount":0.10850351,"tid":341174,
        "type":"buy"},{"date":1478878550,"price":2456.99000000,"amount":0.12037000,"tid":341173,
        "type":"buy"},{"date":1478878550,"price":2456.80000000,"amount":0.18123575,"tid":341172,
        "type":"buy"},{"date":1478878534,"price":2456.80000000,"amount":0.01876425,"tid":341171,
        "type":"buy"},{"date":1478878358,"price":2438.00002000,"amount":0.10527000,"tid":341170,
        "type":"sell"},{"date":1478878342,"price":2436.62004000,"amount":0.35697000,"tid":341169,
        "type":"sell"},{"date":1478878342,"price":2437.99999000,"amount":0.12073000,"tid":341168,
        "type":"sell"},{"date":1478878342,"price":2449.10000000,"amount":0.00900000,"tid":341167,
        "type":"sell"},{"date":1478878077,"price":2458.99999000,"amount":0.07848719,"tid":341166,
        "type":"buy"},{"date":1478877718,"price":2458.99999000,"amount":0.06100041,"tid":341165,
        "type":"buy"},{"date":1478877714,"price":2458.99999000,"amount":0.08252000,"tid":341164,
        "type":"buy"},{"date":1478877496,"price":2459.00000000,"amount":0.47791785,"tid":341163,
        "type":"buy"},{"date":1478877313,"price":2436.62001000,"amount":0.45200000,"tid":341162,
        "type":"sell"},{"date":1478877275,"price":2449.10000000,"amount":0.00900000,"tid":341161,
        "type":"sell"},{"date":1478877057,"price":2458.99997000,"amount":0.03904026,"tid":341160,
        "type":"buy"},{"date":1478876960,"price":2436.43272000,"amount":0.00356000,"tid":341159,
        "type":"sell"},{"date":1478876960,"price":2449.10000000,"amount":0.00900000,"tid":341158,
        "type":"sell"},{"date":1478876929,"price":2459.00000000,"amount":0.01875559,"tid":341157,
        "type":"buy"},{"date":1478876806,"price":2458.99998000,"amount":0.85581131,"tid":341156,
        "type":"buy"},{"date":1478876717,"price":2458.99999000,"amount":0.07848719,"tid":341155,
        "type":"buy"},{"date":1478876428,"price":2436.29489000,"amount":0.02555000,"tid":341154,
        "type":"sell"},{"date":1478876428,"price":2449.10000000,"amount":0.00900000,"tid":341153,
        "type":"sell"},{"date":1478875975,"price":2458.99999000,"amount":0.05286702,"tid":341152,
        "type":"buy"},{"date":1478875943,"price":2458.99999000,"amount":0.06585706,"tid":341151,
        "type":"buy"},{"date":1478875943,"price":2458.00000000,"amount":0.01004000,"tid":341150,
        "type":"buy"},{"date":1478875943,"price":2456.00000000,"amount":0.01447062,"tid":341149,
        "type":"buy"},{"date":1478875942,"price":2455.00000000,"amount":0.02809341,"tid":341148,
        "type":"buy"},{"date":1478875845,"price":2455.00000000,"amount":0.09246436,"tid":341147,
        "type":"buy"},{"date":1478875589,"price":2455.00000000,"amount":0.02276986,"tid":341146,
        "type":"buy"},{"date":1478875406,"price":2455.00000000,"amount":0.09862729,"tid":341145,
        "type":"buy"},{"date":1478875400,"price":2455.00000000,"amount":0.01882281,"tid":341144,
        "type":"buy"},{"date":1478875285,"price":2455.00000000,"amount":0.01629328,"tid":341143,
        "type":"buy"},{"date":1478875258,"price":2455.00000000,"amount":0.72292899,"tid":341142,
        "type":"buy"},{"date":1478875257,"price":2454.97000000,"amount":0.11366000,"tid":341141,
        "type":"buy"},{"date":1478875257,"price":2454.55000000,"amount":0.69941123,"tid":341140,
        "type":"buy"},{"date":1478875257,"price":2454.54999000,"amount":0.46014040,"tid":341139,
        "type":"buy"},{"date":1478875239,"price":2454.54995000,"amount":0.39811779,"tid":341138,
        "type":"buy"},{"date":1478875111,"price":2454.55000000,"amount":0.03880141,"tid":341137,
        "type":"buy"},{"date":1478875027,"price":2454.55000000,"amount":0.16314199,"tid":341136,
        "type":"buy"},{"date":1478874974,"price":2454.54999000,"amount":0.28616995,"tid":341135,
        "type":"buy"},{"date":1478874974,"price":2450.00000000,"amount":0.00900000,"tid":341134,
        "type":"buy"},{"date":1478874974,"price":2450.00000000,"amount":0.54521273,"tid":341133,
        "type":"buy"},{"date":1478874953,"price":2450.00000000,"amount":0.01882175,"tid":341132,
        "type":"buy"},{"date":1478874565,"price":2435.30000000,"amount":1.32177000,"tid":341131,
        "type":"sell"},{"date":1478874565,"price":2435.41110000,"amount":0.34000000,"tid":341130,
        "type":"sell"},{"date":1478874565,"price":2448.10000000,"amount":0.00900000,"tid":341129,
        "type":"sell"},{"date":1478874357,"price":2450.00000000,"amount":0.08282449,"tid":341128,
        "type":"buy"},{"date":1478874087,"price":2450.00000000,"amount":0.01881633,"tid":341127,
        "type":"buy"},{"date":1478873891,"price":2450.00000000,"amount":0.33432470,"tid":341126,
        "type":"buy"},{"date":1478873891,"price":2449.99999000,"amount":0.16608346,"tid":341125,
        "type":"buy"},{"date":1478873866,"price":2449.99999000,"amount":0.02040816,"tid":341124,
        "type":"buy"},{"date":1478873772,"price":2449.99999000,"amount":0.01881633,"tid":341123,
        "type":"buy"},{"date":1478873327,"price":2454.54999000,"amount":0.14195426,"tid":341122,
        "type":"buy"},{"date":1478873327,"price":2454.54999000,"amount":0.61553693,"tid":341121,
        "type":"buy"},{"date":1478873284,"price":2454.54999000,"amount":0.03666660,"tid":341120,
        "type":"buy"},{"date":1478873104,"price":2454.54999000,"amount":0.17051598,"tid":341119,
        "type":"buy"},{"date":1478873089,"price":2454.54999000,"amount":0.01874071,"tid":341118,
        "type":"buy"},{"date":1478872879,"price":2454.54999000,"amount":0.15853978,"tid":341117,
        "type":"buy"},{"date":1478872009,"price":2454.54999000,"amount":0.03870363,"tid":341116,
        "type":"buy"},{"date":1478871625,"price":2435.30150000,"amount":0.00916000,"tid":341115,
        "type":"sell"},{"date":1478871625,"price":2448.10000000,"amount":0.00900000,"tid":341114,
        "type":"sell"},{"date":1478871625,"price":2448.20000000,"amount":0.02075000,"tid":341113,
        "type":"sell"},{"date":1478871591,"price":2454.54999000,"amount":0.01878000,"tid":341112,
        "type":"buy"},{"date":1478871513,"price":2448.20000000,"amount":0.06091000,"tid":341111,
        "type":"sell"},{"date":1478871463,"price":2454.54999000,"amount":0.03870363,"tid":341110,
        "type":"buy"},{"date":1478871381,"price":2454.54999000,"amount":0.01878552,"tid":341109,
        "type":"buy"},{"date":1478871355,"price":2454.54999000,"amount":0.03906000,"tid":341108,
        "type":"buy"},{"date":1478871325,"price":2454.55000000,"amount":0.09864537,"tid":341107,
        "type":"buy"},{"date":1478871231,"price":2454.76000000,"amount":0.39839255,"tid":341106,
        "type":"buy"},{"date":1478871231,"price":2449.10000000,"amount":0.00900000,"tid":341105,
        "type":"buy"},{"date":1478870921,"price":2430.08279000,"amount":0.00020000,"tid":341104,
        "type":"sell"},{"date":1478870921,"price":2448.10000000,"amount":0.00900000,"tid":341103,
        "type":"sell"},{"date":1478870859,"price":2454.82993000,"amount":1.04148000,"tid":341102,
        "type":"buy"},{"date":1478870683,"price":2454.85998000,"amount":0.04862192,"tid":341101,
        "type":"buy"},{"date":1478870683,"price":2449.00000000,"amount":0.33917517,"tid":341100,
        "type":"buy"},{"date":1478870639,"price":2449.00000000,"amount":0.40832993,"tid":341099,
        "type":"buy"},{"date":1478870183,"price":2448.99999000,"amount":0.08441625,"tid":341098,
        "type":"buy"},{"date":1478870183,"price":2448.90000000,"amount":0.07448430,"tid":341097,
        "type":"buy"},{"date":1478870024,"price":2448.90000000,"amount":0.13889093,"tid":341096,
        "type":"buy"},{"date":1478870004,"price":2429.00010000,"amount":0.09117600,"tid":341095,
        "type":"sell"},{"date":1478870004,"price":2429.74803000,"amount":0.21401000,"tid":341094,
        "type":"sell"},{"date":1478870004,"price":2430.00000000,"amount":0.42745000,"tid":341093,
        "type":"sell"},{"date":1478870004,"price":2430.02000000,"amount":0.06630000,"tid":341092,
        "type":"sell"},{"date":1478870004,"price":2430.04000000,"amount":3.00000000,"tid":341091,
        "type":"sell"},{"date":1478870004,"price":2431.44000000,"amount":0.02056400,"tid":341090,
        "type":"sell"},{"date":1478870004,"price":2436.00000000,"amount":1.00000000,"tid":341089,
        "type":"sell"},{"date":1478870004,"price":2437.00000000,"amount":0.18050000,"tid":341088,
        "type":"sell"},{"date":1478869963,"price":2437.00000000,"amount":0.01950000,"tid":341087,
        "type":"sell"},{"date":1478869963,"price":2445.00000000,"amount":0.02771000,"tid":341086,
        "type":"sell"},{"date":1478869901,"price":2449.00000000,"amount":0.03883626,"tid":341085,
        "type":"buy"},{"date":1478869450,"price":2449.00000000,"amount":0.19891793,"tid":341084,
        "type":"buy"},{"date":1478869363,"price":2445.00000000,"amount":0.07231000,"tid":341083,
        "type":"sell"},{"date":1478869095,"price":2449.00000000,"amount":0.01474071,"tid":341082,
        "type":"buy"},{"date":1478869071,"price":2445.00000000,"amount":0.06834000,"tid":341081,
        "type":"sell"},{"date":1478869032,"price":2445.00000000,"amount":0.01816000,"tid":341080,
        "type":"sell"},{"date":1478869020,"price":2455.99999000,"amount":0.01221498,"tid":341079,
        "type":"buy"},{"date":1478868787,"price":2455.99999000,"amount":0.06146987,"tid":341078,
        "type":"buy"},{"date":1478868765,"price":2445.00000000,"amount":0.01061000,"tid":341077,
        "type":"sell"},{"date":1478868654,"price":2455.99563000,"amount":0.07701154,"tid":341076,
        "type":"buy"},{"date":1478868640,"price":2456.00000000,"amount":0.06852938,"tid":341075,
        "type":"buy"},{"date":1478868640,"price":2456.00000000,"amount":0.02000000,"tid":341074,
        "type":"buy"},{"date":1478868640,"price":2455.99564000,"amount":0.10281000,"tid":341073,
        "type":"buy"},{"date":1478868580,"price":2445.00000000,"amount":0.27693000,"tid":341072,
        "type":"sell"},{"date":1478868550,"price":2445.00000000,"amount":0.01674000,"tid":341071,
        "type":"sell"},{"date":1478868499,"price":2455.99563000,"amount":0.07321805,"tid":341070,
        "type":"buy"},{"date":1478868499,"price":2455.99533000,"amount":0.01350849,"tid":341069,
        "type":"buy"},{"date":1478868397,"price":2455.99544000,"amount":0.02035834,"tid":341068,
        "type":"buy"},{"date":1478868084,"price":2455.99564000,"amount":0.02076000,"tid":341067,
        "type":"sell"},{"date":1478867753,"price":2455.99568000,"amount":0.03872564,"tid":341066,
        "type":"buy"},{"date":1478867581,"price":2436.01001000,"amount":0.06525000,"tid":341065,
        "type":"sell"},{"date":1478867444,"price":2455.99600000,"amount":0.02215509,"tid":341064,
        "type":"buy"},{"date":1478866822,"price":2455.99697000,"amount":0.00814333,"tid":341063,
        "type":"buy"},{"date":1478866701,"price":2455.99736000,"amount":0.14250830,"tid":341062,
        "type":"buy"},{"date":1478866616,"price":2435.08001000,"amount":0.03545000,"tid":341061,
        "type":"sell"},{"date":1478866479,"price":2455.99787000,"amount":0.04675900,"tid":341060,
        "type":"buy"},{"date":1478866373,"price":2455.99819000,"amount":0.03868081,"tid":341059,
        "type":"buy"},{"date":1478866085,"price":2455.99894000,"amount":0.02805639,"tid":341058,
        "type":"buy"},{"date":1478865689,"price":2430.00001000,"amount":0.22361000,"tid":341057,
        "type":"sell"},{"date":1478865689,"price":2436.00000000,"amount":0.08420000,"tid":341056,
        "type":"sell"},{"date":1478865665,"price":2436.00000000,"amount":0.11580000,"tid":341055,
        "type":"sell"},{"date":1478865467,"price":2458.62124000,"amount":0.00950126,"tid":341054,
        "type":"buy"},{"date":1478865296,"price":2458.62166000,"amount":0.11390735,"tid":341053,
        "type":"buy"},{"date":1478865138,"price":2458.62220000,"amount":0.06914442,"tid":341052,
        "type":"buy"},{"date":1478865062,"price":2428.30000000,"amount":1.33268398,"tid":341051,
        "type":"sell"},{"date":1478865062,"price":2428.38190000,"amount":0.30094897,"tid":341050,
        "type":"sell"},{"date":1478865062,"price":2428.38252000,"amount":0.23470165,"tid":341049,
        "type":"sell"},{"date":1478865061,"price":2428.38284000,"amount":0.54120540,"tid":341048,
        "type":"sell"},{"date":1478865061,"price":2428.38339000,"amount":1.00000000,"tid":341047,
        "type":"sell"},{"date":1478865061,"price":2448.10000000,"amount":0.00900000,"tid":341046,
        "type":"sell"},{"date":1478864899,"price":2458.62258000,"amount":0.02033659,"tid":341045,
        "type":"buy"},{"date":1478864875,"price":2458.62259000,"amount":0.15415135,"tid":341044,
        "type":"buy"},{"date":1478864457,"price":2458.62288000,"amount":0.03800000,"tid":341043,
        "type":"buy"},{"date":1478864457,"price":2458.62288000,"amount":0.39656346,"tid":341042,
        "type":"buy"},{"date":1478864309,"price":2458.62297000,"amount":0.15618499,"tid":341041,
        "type":"buy"},{"date":1478863988,"price":2458.62322000,"amount":0.02074332,"tid":341040,
        "type":"buy"},{"date":1478863675,"price":2458.62362000,"amount":0.27780506,"tid":341039,
        "type":"buy"},{"date":1478863465,"price":2458.62385000,"amount":0.34479843,"tid":341038,
        "type":"buy"},{"date":1478863465,"price":2458.62383000,"amount":0.09252345,"tid":341037,
        "type":"buy"},{"date":1478863379,"price":2458.63398000,"amount":0.00340033,"tid":341036,
        "type":"buy"},{"date":1478863379,"price":2458.62408000,"amount":0.13892723,"tid":341035,
        "type":"buy"},{"date":1478863345,"price":2458.63411000,"amount":0.04112853,"tid":341034,
        "type":"buy"},{"date":1478863141,"price":2427.00000000,"amount":1.69237325,"tid":341033,
        "type":"sell"},{"date":1478863141,"price":2427.00003000,"amount":0.82701209,"tid":341032,
        "type":"sell"},{"date":1478863141,"price":2430.00000000,"amount":0.05735000,"tid":341031,
        "type":"sell"},{"date":1478863141,"price":2430.00000000,"amount":0.06000000,"tid":341030,
        "type":"sell"},{"date":1478863141,"price":2432.00000000,"amount":0.50992000,"tid":341029,
        "type":"sell"},{"date":1478863141,"price":2432.00001000,"amount":0.29233074,"tid":341028,
        "type":"sell"},{"date":1478863141,"price":2435.00000000,"amount":0.05391000,"tid":341027,
        "type":"sell"},{"date":1478863141,"price":2435.25209000,"amount":1.47200000,"tid":341026,
        "type":"sell"},{"date":1478863141,"price":2436.12000000,"amount":6.00000000,"tid":341025,
        "type":"sell"},{"date":1478863141,"price":2436.13000000,"amount":0.05250392,"tid":341024,
        "type":"sell"},{"date":1478862677,"price":2436.13000000,"amount":0.74968000,"tid":341023,
        "type":"sell"},{"date":1478862621,"price":2458.86474000,"amount":0.00937424,"tid":341022,
        "type":"buy"},{"date":1478862008,"price":2436.14000000,"amount":0.19000000,"tid":341021,
        "type":"sell"},{"date":1478861709,"price":2436.13000000,"amount":0.14900000,"tid":341020,
        "type":"sell"},{"date":1478861597,"price":2459.08556000,"amount":0.01991765,"tid":341019,
        "type":"buy"},{"date":1478861597,"price":2459.07556000,"amount":0.01875127,"tid":341018,
        "type":"buy"},{"date":1478861596,"price":2459.07556000,"amount":0.02920443,"tid":341017,
        "type":"buy"},{"date":1478861338,"price":2436.13000000,"amount":0.14759000,"tid":341016,
        "type":"sell"},{"date":1478860361,"price":2459.47685000,"amount":0.01017120,"tid":341015,
        "type":"buy"},{"date":1478860290,"price":2436.13000000,"amount":0.01033577,"tid":341014,
        "type":"sell"},{"date":1478860281,"price":2436.13000000,"amount":0.03750000,"tid":341013,
        "type":"sell"},{"date":1478859979,"price":2436.13000000,"amount":0.65339031,"tid":341012,
        "type":"sell"},{"date":1478859979,"price":2436.13001000,"amount":0.41251969,"tid":341011,
        "type":"sell"},{"date":1478859979,"price":2436.13002000,"amount":0.74647000,"tid":341010,
        "type":"sell"},{"date":1478859979,"price":2436.13003000,"amount":0.59381000,"tid":341009,
        "type":"sell"},{"date":1478859978,"price":2436.13004000,"amount":0.59381000,"tid":341008,
        "type":"sell"},{"date":1478859074,"price":2436.13006000,"amount":0.29388000,"tid":341007,
        "type":"sell"},{"date":1478858774,"price":2436.13008000,"amount":0.12237000,"tid":341006,
        "type":"sell"},{"date":1478858674,"price":2436.21009000,"amount":0.04810000,"tid":341005,
        "type":"sell"},{"date":1478857493,"price":2436.13001000,"amount":0.52865041,"tid":341004,
        "type":"sell"},{"date":1478857493,"price":2436.13002000,"amount":0.71526242,"tid":341003,
        "type":"sell"},{"date":1478857493,"price":2436.13002000,"amount":0.71526242,"tid":341002,
        "type":"sell"},{"date":1478857493,"price":2436.13082000,"amount":0.88883813,"tid":341001,
        "type":"sell"},{"date":1478857493,"price":2436.13083000,"amount":0.21116321,"tid":341000,
        "type":"sell"},{"date":1478857493,"price":2436.13085000,"amount":0.88883811,"tid":340999,
        "type":"sell"},{"date":1478857493,"price":2440.00000000,"amount":0.00900000,"tid":340998,
        "type":"sell"},{"date":1478857493,"price":2441.00000000,"amount":0.00900000,"tid":340997,
        "type":"sell"},{"date":1478857493,"price":2441.00001000,"amount":0.08447530,"tid":340996,
        "type":"sell"},{"date":1478857493,"price":2442.00000000,"amount":0.54484000,"tid":340995,
        "type":"sell"},{"date":1478857493,"price":2442.00001000,"amount":0.40467000,"tid":340994,
        "type":"sell"},{"date":1478857466,"price":2442.00001000,"amount":0.14017000,"tid":340993,
        "type":"sell"},{"date":1478856983,"price":2459.99999000,"amount":0.01016000,"tid":340992,
        "type":"buy"},{"date":1478856610,"price":2442.00001000,"amount":0.01031122,"tid":340991,
        "type":"sell"},{"date":1478856366,"price":2459.99999000,"amount":0.29189838,"tid":340990,
        "type":"buy"},{"date":1478856245,"price":2459.99999000,"amount":0.02102719,"tid":340989,
        "type":"buy"},{"date":1478856129,"price":2459.99999000,"amount":0.04878049,"tid":340988,
        "type":"buy"},{"date":1478855002,"price":2442.00001000,"amount":0.06095000,"tid":340987,
        "type":"sell"},{"date":1478854594,"price":2459.99999000,"amount":0.05082000,"tid":340986,
        "type":"buy"},{"date":1478854470,"price":2442.00001000,"amount":0.01031122,"tid":340985,
        "type":"sell"},{"date":1478854370,"price":2442.00001000,"amount":0.01031122,"tid":340984,
        "type":"sell"},{"date":1478854303,"price":2442.00003000,"amount":0.01031122,"tid":340983,
        "type":"sell"},{"date":1478854297,"price":2442.00003000,"amount":0.01031122,"tid":340982,
        "type":"sell"},{"date":1478854263,"price":2442.00002000,"amount":0.01031122,"tid":340981,
        "type":"sell"},{"date":1478854214,"price":2442.00000000,"amount":0.14507000,"tid":340980,
        "type":"sell"},{"date":1478853927,"price":2459.99999000,"amount":0.01016000,"tid":340979,
        "type":"buy"},{"date":1478853788,"price":2442.00001000,"amount":0.01031122,"tid":340978,
        "type":"sell"},{"date":1478853266,"price":2442.00001000,"amount":0.03089620,"tid":340977,
        "type":"sell"},{"date":1478852862,"price":2442.00001000,"amount":0.05900000,"tid":340976,
        "type":"sell"},{"date":1478844944,"price":2442.00001000,"amount":0.01010000,"tid":340975,
        "type":"sell"},{"date":1478842619,"price":2442.00001000,"amount":0.13000000,"tid":340974,
        "type":"sell"},{"date":1478840768,"price":2442.00001000,"amount":0.06935000,"tid":340973,
        "type":"sell"},{"date":1478839093,"price":2442.00001000,"amount":0.01045000,"tid":340972,
        "type":"sell"},{"date":1478839045,"price":2459.97999000,"amount":0.01052448,"tid":340971,
        "type":"buy"},{"date":1478837578,"price":2459.84942000,"amount":0.03862025,"tid":340970,
        "type":"buy"},{"date":1478837266,"price":2442.00000000,"amount":0.01700000,"tid":340969,
        "type":"sell"},{"date":1478836004,"price":2442.00000000,"amount":0.09000000,"tid":340968,
        "type":"sell"},{"date":1478835996,"price":2442.00000000,"amount":0.01699000,"tid":340967,
        "type":"sell"},{"date":1478835886,"price":2459.73871000,"amount":0.01097678,"tid":340966,
        "type":"buy"},{"date":1478834683,"price":2463.85957000,"amount":0.03860204,"tid":340965,
        "type":"buy"},{"date":1478834116,"price":2442.00001000,"amount":0.03093000,"tid":340964,
        "type":"sell"},{"date":1478834116,"price":2442.99999000,"amount":0.01787000,"tid":340963,
        "type":"sell"},{"date":1478832388,"price":2442.02004000,"amount":0.01026000,"tid":340962,
        "type":"sell"},{"date":1478832075,"price":2442.02004000,"amount":0.10593000,"tid":340961,
        "type":"sell"},{"date":1478832056,"price":2463.98998000,"amount":0.01014615,"tid":340960,
        "type":"buy"},{"date":1478830785,"price":2442.02001000,"amount":0.10145000,"tid":340959,
        "type":"sell"},{"date":1478830741,"price":2464.09943000,"amount":0.56440083,"tid":340958,
        "type":"buy"},{"date":1478830741,"price":2464.07943000,"amount":0.46750375,"tid":340957,
        "type":"buy"},{"date":1478830741,"price":2464.07942000,"amount":0.20939536,"tid":340956,
        "type":"buy"},{"date":1478830741,"price":2464.07939000,"amount":0.23216516,"tid":340955,
        "type":"buy"},{"date":1478830741,"price":2464.06942000,"amount":0.11647548,"tid":340954,
        "type":"buy"},{"date":1478830454,"price":2464.15967000,"amount":0.38237661,"tid":340953,
        "type":"buy"},{"date":1478830454,"price":2457.99900000,"amount":0.02350000,"tid":340952,
        "type":"buy"},{"date":1478830101,"price":2441.00005000,"amount":0.02766000,"tid":340951,
        "type":"sell"},{"date":1478829506,"price":2464.62840000,"amount":0.01014352,"tid":340950,
        "type":"buy"},{"date":1478829197,"price":2443.00005000,"amount":0.00071000,"tid":340949,
        "type":"sell"},{"date":1478829197,"price":2444.00000000,"amount":0.00900000,"tid":340948,
        "type":"sell"},{"date":1478828161,"price":2446.01000000,"amount":0.12700000,"tid":340947,
        "type":"sell"},{"date":1478827939,"price":2443.01000000,"amount":0.06741000,"tid":340946,
        "type":"buy"},{"date":1478827572,"price":2436.00009000,"amount":0.00900000,"tid":340945,
        "type":"sell"},{"date":1478827536,"price":2467.88887000,"amount":0.03146000,"tid":340944,
        "type":"buy"},{"date":1478827526,"price":2436.00029000,"amount":0.28432560,"tid":340943,
        "type":"sell"},{"date":1478827526,"price":2436.50000000,"amount":0.00900000,"tid":340942,
        "type":"sell"},{"date":1478827526,"price":2437.00000000,"amount":0.00900000,"tid":340941,
        "type":"sell"},{"date":1478827526,"price":2437.50000000,"amount":0.00900000,"tid":340940,
        "type":"sell"},{"date":1478827526,"price":2438.00000000,"amount":0.00900000,"tid":340939,
        "type":"sell"},{"date":1478827526,"price":2438.50000000,"amount":0.00900000,"tid":340938,
        "type":"sell"},{"date":1478827526,"price":2439.00000000,"amount":0.00900000,"tid":340937,
        "type":"sell"},{"date":1478827526,"price":2439.50000000,"amount":0.00900000,"tid":340936,
        "type":"sell"},{"date":1478827526,"price":2440.10000000,"amount":0.00900000,"tid":340935,
        "type":"sell"},{"date":1478827526,"price":2440.55500000,"amount":0.20000000,"tid":340934,
        "type":"sell"},{"date":1478827526,"price":2440.99999000,"amount":0.09050000,"tid":340933,
        "type":"sell"},{"date":1478827526,"price":2441.00059000,"amount":0.93257000,"tid":340932,
        "type":"sell"},{"date":1478827526,"price":2441.00062000,"amount":0.88399234,"tid":340931,
        "type":"sell"},{"date":1478827526,"price":2441.00062000,"amount":0.21002544,"tid":340930,
        "type":"sell"},{"date":1478827526,"price":2441.00063000,"amount":1.03620287,"tid":340929,
        "type":"sell"},{"date":1478827526,"price":2446.00000000,"amount":0.05000000,"tid":340928,
        "type":"sell"},{"date":1478827526,"price":2447.00019000,"amount":0.23286375,"tid":340927,
        "type":"sell"},{"date":1478827526,"price":2447.50000000,"amount":0.00900000,"tid":340926,
        "type":"sell"},{"date":1478827526,"price":2448.01003000,"amount":2.16928000,"tid":340925,
        "type":"sell"},{"date":1478827526,"price":2448.50000000,"amount":0.22924000,"tid":340924,
        "type":"sell"},{"date":1478827357,"price":2448.00000000,"amount":0.02148000,"tid":340923,
        "type":"sell"},{"date":1478827357,"price":2448.00000000,"amount":0.00900000,"tid":340922,
        "type":"sell"},{"date":1478827260,"price":2448.50000000,"amount":0.00647000,"tid":340921,
        "type":"sell"},{"date":1478827260,"price":2449.00000000,"amount":0.01000000,"tid":340920,
        "type":"sell"},{"date":1478827024,"price":2468.79999000,"amount":0.08101102,"tid":340919,
        "type":"buy"},{"date":1478827016,"price":2449.49999000,"amount":0.00975000,"tid":340918,
        "type":"sell"},{"date":1478826950,"price":2449.49999000,"amount":0.11274000,"tid":340917,
        "type":"sell"},{"date":1478826925,"price":2468.79999000,"amount":0.02628000,"tid":340916,
        "type":"buy"},{"date":1478826623,"price":2468.79999000,"amount":0.01871760,"tid":340915,
        "type":"buy"}]

        '}
    headers:
      Content-Type: [application/json]
      Date: ['Sun, 13 Nov 2016 17:14:12 GMT']
      Etag: ['"22b31c57"']
      Strict-Transport-Security: [max-age=31536000; includeSubDomains; preload]
      X-CDN: [Incapsula]
      X-Iinfo: [9-38569453-0 0CNN RT(1479057250373 1998) q(0 -1 -1 0) r(0 -1)]
      content-length: ['89442']
    status: {code: 200, message: OK}
version: 1
